============================= test session starts ==============================
platform linux -- Python 3.11.2, pytest-7.3.1, pluggy-1.0.0
rootdir: /home/amelia/lisette/tests
configfile: pytest.ini
plugins: asyncio-0.21.0
asyncio: mode=Mode.AUTO
collected 15 items

tests/test_config.py::test_get_env_vars 
-------------------------------- live log call ---------------------------------
DEBUG    lisette.lib.config:config.py:110 Trying to load TEST1
DEBUG    lisette.lib.config:config.py:113 got 9999
DEBUG    lisette.lib.config:config.py:110 Trying to load TEST2
DEBUG    lisette.lib.config:config.py:115 test2 not found in environment
DEBUG    lisette.lib.config:config.py:110 Trying to load TEST_NUM
DEBUG    lisette.lib.config:config.py:115 test_num not found in environment
PASSED                                                                   [  6%]
tests/test_config.py::test_cfg_get_raise_if_not_found 
-------------------------------- live log call ---------------------------------
DEBUG    lisette.lib.config:config.py:110 Trying to load TEST1
DEBUG    lisette.lib.config:config.py:113 got 9999
DEBUG    lisette.lib.config:config.py:110 Trying to load TEST2
DEBUG    lisette.lib.config:config.py:115 test2 not found in environment
DEBUG    lisette.lib.config:config.py:110 Trying to load TEST_NUM
DEBUG    lisette.lib.config:config.py:115 test_num not found in environment
PASSED                                                                   [ 13%]
tests/test_config.py::test_post_load 
-------------------------------- live log call ---------------------------------
DEBUG    lisette.lib.config:config.py:110 Trying to load TEST1
DEBUG    lisette.lib.config:config.py:113 got 9999
DEBUG    lisette.lib.config:config.py:110 Trying to load TEST2
DEBUG    lisette.lib.config:config.py:115 test2 not found in environment
DEBUG    lisette.lib.config:config.py:110 Trying to load TEST_NUM
DEBUG    lisette.lib.config:config.py:113 got 9999
PASSED                                                                   [ 20%]
tests/test_config.py::test_cfg_get_when_missing 
-------------------------------- live log call ---------------------------------
DEBUG    lisette.lib.config:config.py:110 Trying to load TEST1
DEBUG    lisette.lib.config:config.py:113 got 9999
DEBUG    lisette.lib.config:config.py:110 Trying to load TEST2
DEBUG    lisette.lib.config:config.py:115 test2 not found in environment
DEBUG    lisette.lib.config:config.py:110 Trying to load TEST_NUM
DEBUG    lisette.lib.config:config.py:113 got 9999
PASSED                                                                   [ 26%]
tests/test_config.py::test_cfg_contains PASSED                           [ 33%]
tests/test_config.py::test_validate_required_raises 
-------------------------------- live log call ---------------------------------
DEBUG    lisette.lib.config:config.py:110 Trying to load TEST_REQ
DEBUG    lisette.lib.config:config.py:115 test_req not found in environment
DEBUG    lisette.lib.config:config.py:110 Trying to load TEST_REQ2
DEBUG    lisette.lib.config:config.py:115 test_req2 not found in environment
DEBUG    lisette.lib.config:config.py:123 checking test_req
PASSED                                                                   [ 40%]
tests/test_config.py::test_get_cfg 
-------------------------------- live log call ---------------------------------
DEBUG    lisette.lib.config:config.py:110 Trying to load TEST_REQ
DEBUG    lisette.lib.config:config.py:115 test_req not found in environment
DEBUG    lisette.lib.config:config.py:110 Trying to load TEST_REQ2
DEBUG    lisette.lib.config:config.py:115 test_req2 not found in environment
DEBUG    lisette.lib.config:config.py:144 got cfg: Cfg()
DEBUG    lisette.lib.config:config.py:123 checking test_req
CRITICAL lisette.lib.config:config.py:147 Missing required setting test_req
PASSED                                                                   [ 46%]
tests/test_model.py::test_lookup_task_list 
-------------------------------- live log setup --------------------------------
DEBUG    asyncio:selector_events.py:54 Using selector: EpollSelector
DEBUG    asyncio:selector_events.py:54 Using selector: EpollSelector
DEBUG    aiosqlite:core.py:105 executing <function connect.<locals>.connector at 0x7f80f9cee0c0>
DEBUG    aiosqlite:core.py:107 operation <function connect.<locals>.connector at 0x7f80f9cee0c0> completed
DEBUG    aiosqlite:core.py:105 executing functools.partial(<built-in method create_function of sqlite3.Connection object at 0x7f80f9cbef20>, 'regexp', 2, <function SQLiteDialect_pysqlite.on_connect.<locals>.regexp at 0x7f80f9ced300>, deterministic=True)
DEBUG    aiosqlite:core.py:107 operation functools.partial(<built-in method create_function of sqlite3.Connection object at 0x7f80f9cbef20>, 'regexp', 2, <function SQLiteDialect_pysqlite.on_connect.<locals>.regexp at 0x7f80f9ced300>, deterministic=True) completed
DEBUG    aiosqlite:core.py:105 executing functools.partial(<built-in method create_function of sqlite3.Connection object at 0x7f80f9cbef20>, 'floor', 1, <built-in function floor>, deterministic=True)
DEBUG    aiosqlite:core.py:107 operation functools.partial(<built-in method create_function of sqlite3.Connection object at 0x7f80f9cbef20>, 'floor', 1, <built-in function floor>, deterministic=True) completed
DEBUG    aiosqlite:core.py:105 executing functools.partial(<built-in method cursor of sqlite3.Connection object at 0x7f80f9cbef20>)
DEBUG    aiosqlite:core.py:107 operation functools.partial(<built-in method cursor of sqlite3.Connection object at 0x7f80f9cbef20>) completed
DEBUG    aiosqlite:core.py:105 executing functools.partial(<built-in method execute of sqlite3.Cursor object at 0x7f80f9cd2040>, 'PRAGMA read_uncommitted', [])
DEBUG    aiosqlite:core.py:107 operation functools.partial(<built-in method execute of sqlite3.Cursor object at 0x7f80f9cd2040>, 'PRAGMA read_uncommitted', []) completed
DEBUG    aiosqlite:core.py:105 executing functools.partial(<built-in method fetchall of sqlite3.Cursor object at 0x7f80f9cd2040>)
DEBUG    aiosqlite:core.py:107 operation functools.partial(<built-in method fetchall of sqlite3.Cursor object at 0x7f80f9cd2040>) completed
DEBUG    aiosqlite:core.py:105 executing functools.partial(<built-in method close of sqlite3.Cursor object at 0x7f80f9cd2040>)
DEBUG    aiosqlite:core.py:107 operation functools.partial(<built-in method close of sqlite3.Cursor object at 0x7f80f9cd2040>) completed
DEBUG    aiosqlite:core.py:105 executing functools.partial(<built-in method rollback of sqlite3.Connection object at 0x7f80f9cbef20>)
DEBUG    aiosqlite:core.py:107 operation functools.partial(<built-in method rollback of sqlite3.Connection object at 0x7f80f9cbef20>) completed
DEBUG    aiosqlite:core.py:105 executing functools.partial(<built-in method cursor of sqlite3.Connection object at 0x7f80f9cbef20>)
DEBUG    aiosqlite:core.py:107 operation functools.partial(<built-in method cursor of sqlite3.Connection object at 0x7f80f9cbef20>) completed
DEBUG    aiosqlite:core.py:105 executing functools.partial(<built-in method execute of sqlite3.Cursor object at 0x7f80f9cd1e40>, 'PRAGMA main.table_info("task_list")', ())
DEBUG    aiosqlite:core.py:107 operation functools.partial(<built-in method execute of sqlite3.Cursor object at 0x7f80f9cd1e40>, 'PRAGMA main.table_info("task_list")', ()) completed
DEBUG    aiosqlite:core.py:105 executing functools.partial(<built-in method fetchall of sqlite3.Cursor object at 0x7f80f9cd1e40>)
DEBUG    aiosqlite:core.py:107 operation functools.partial(<built-in method fetchall of sqlite3.Cursor object at 0x7f80f9cd1e40>) completed
DEBUG    aiosqlite:core.py:105 executing functools.partial(<built-in method close of sqlite3.Cursor object at 0x7f80f9cd1e40>)
DEBUG    aiosqlite:core.py:107 operation functools.partial(<built-in method close of sqlite3.Cursor object at 0x7f80f9cd1e40>) completed
DEBUG    aiosqlite:core.py:105 executing functools.partial(<built-in method cursor of sqlite3.Connection object at 0x7f80f9cbef20>)
DEBUG    aiosqlite:core.py:107 operation functools.partial(<built-in method cursor of sqlite3.Connection object at 0x7f80f9cbef20>) completed
DEBUG    aiosqlite:core.py:105 executing functools.partial(<built-in method execute of sqlite3.Cursor object at 0x7f80f9cd14c0>, 'PRAGMA temp.table_info("task_list")', ())
DEBUG    aiosqlite:core.py:107 operation functools.partial(<built-in method execute of sqlite3.Cursor object at 0x7f80f9cd14c0>, 'PRAGMA temp.table_info("task_list")', ()) completed
DEBUG    aiosqlite:core.py:105 executing functools.partial(<built-in method fetchall of sqlite3.Cursor object at 0x7f80f9cd14c0>)
DEBUG    aiosqlite:core.py:107 operation functools.partial(<built-in method fetchall of sqlite3.Cursor object at 0x7f80f9cd14c0>) completed
DEBUG    aiosqlite:core.py:105 executing functools.partial(<built-in method close of sqlite3.Cursor object at 0x7f80f9cd14c0>)
DEBUG    aiosqlite:core.py:107 operation functools.partial(<built-in method close of sqlite3.Cursor object at 0x7f80f9cd14c0>) completed
DEBUG    aiosqlite:core.py:105 executing functools.partial(<built-in method cursor of sqlite3.Connection object at 0x7f80f9cbef20>)
DEBUG    aiosqlite:core.py:107 operation functools.partial(<built-in method cursor of sqlite3.Connection object at 0x7f80f9cbef20>) completed
DEBUG    aiosqlite:core.py:105 executing functools.partial(<built-in method execute of sqlite3.Cursor object at 0x7f80f9cd2140>, 'PRAGMA main.table_info("task")', ())
DEBUG    aiosqlite:core.py:107 operation functools.partial(<built-in method execute of sqlite3.Cursor object at 0x7f80f9cd2140>, 'PRAGMA main.table_info("task")', ()) completed
DEBUG    aiosqlite:core.py:105 executing functools.partial(<built-in method fetchall of sqlite3.Cursor object at 0x7f80f9cd2140>)
DEBUG    aiosqlite:core.py:107 operation functools.partial(<built-in method fetchall of sqlite3.Cursor object at 0x7f80f9cd2140>) completed
DEBUG    aiosqlite:core.py:105 executing functools.partial(<built-in method close of sqlite3.Cursor object at 0x7f80f9cd2140>)
DEBUG    aiosqlite:core.py:107 operation functools.partial(<built-in method close of sqlite3.Cursor object at 0x7f80f9cd2140>) completed
DEBUG    aiosqlite:core.py:105 executing functools.partial(<built-in method cursor of sqlite3.Connection object at 0x7f80f9cbef20>)
DEBUG    aiosqlite:core.py:107 operation functools.partial(<built-in method cursor of sqlite3.Connection object at 0x7f80f9cbef20>) completed
DEBUG    aiosqlite:core.py:105 executing functools.partial(<built-in method execute of sqlite3.Cursor object at 0x7f80f9cd21c0>, 'PRAGMA temp.table_info("task")', ())
DEBUG    aiosqlite:core.py:107 operation functools.partial(<built-in method execute of sqlite3.Cursor object at 0x7f80f9cd21c0>, 'PRAGMA temp.table_info("task")', ()) completed
DEBUG    aiosqlite:core.py:105 executing functools.partial(<built-in method fetchall of sqlite3.Cursor object at 0x7f80f9cd21c0>)
DEBUG    aiosqlite:core.py:107 operation functools.partial(<built-in method fetchall of sqlite3.Cursor object at 0x7f80f9cd21c0>) completed
DEBUG    aiosqlite:core.py:105 executing functools.partial(<built-in method close of sqlite3.Cursor object at 0x7f80f9cd21c0>)
DEBUG    aiosqlite:core.py:107 operation functools.partial(<built-in method close of sqlite3.Cursor object at 0x7f80f9cd21c0>) completed
DEBUG    aiosqlite:core.py:105 executing functools.partial(<built-in method cursor of sqlite3.Connection object at 0x7f80f9cbef20>)
DEBUG    aiosqlite:core.py:107 operation functools.partial(<built-in method cursor of sqlite3.Connection object at 0x7f80f9cbef20>) completed
DEBUG    aiosqlite:core.py:105 executing functools.partial(<built-in method execute of sqlite3.Cursor object at 0x7f80f9cd2240>, '\nCREATE TABLE task_list (\n\tid INTEGER NOT NULL, \n\tname VARCHAR NOT NULL, \n\tguild_id INTEGER NOT NULL, \n\tmsg_id INTEGER NOT NULL, \n\tPRIMARY KEY (id), \n\tUNIQUE (name, guild_id)\n)\n\n', ())
DEBUG    aiosqlite:core.py:107 operation functools.partial(<built-in method execute of sqlite3.Cursor object at 0x7f80f9cd2240>, '\nCREATE TABLE task_list (\n\tid INTEGER NOT NULL, \n\tname VARCHAR NOT NULL, \n\tguild_id INTEGER NOT NULL, \n\tmsg_id INTEGER NOT NULL, \n\tPRIMARY KEY (id), \n\tUNIQUE (name, guild_id)\n)\n\n', ()) completed
DEBUG    aiosqlite:core.py:105 executing functools.partial(<built-in method close of sqlite3.Cursor object at 0x7f80f9cd2240>)
DEBUG    aiosqlite:core.py:107 operation functools.partial(<built-in method close of sqlite3.Cursor object at 0x7f80f9cd2240>) completed
DEBUG    aiosqlite:core.py:105 executing functools.partial(<built-in method cursor of sqlite3.Connection object at 0x7f80f9cbef20>)
DEBUG    aiosqlite:core.py:107 operation functools.partial(<built-in method cursor of sqlite3.Connection object at 0x7f80f9cbef20>) completed
DEBUG    aiosqlite:core.py:105 executing functools.partial(<built-in method execute of sqlite3.Cursor object at 0x7f80f9cd2340>, '\nCREATE TABLE task (\n\tid INTEGER NOT NULL, \n\tcontent VARCHAR NOT NULL, \n\tparent_list_id INTEGER, \n\tlocal_id INTEGER, \n\tchecked BOOLEAN NOT NULL, \n\tPRIMARY KEY (id), \n\tFOREIGN KEY(parent_list_id) REFERENCES task_list (id)\n)\n\n', ())
DEBUG    aiosqlite:core.py:107 operation functools.partial(<built-in method execute of sqlite3.Cursor object at 0x7f80f9cd2340>, '\nCREATE TABLE task (\n\tid INTEGER NOT NULL, \n\tcontent VARCHAR NOT NULL, \n\tparent_list_id INTEGER, \n\tlocal_id INTEGER, \n\tchecked BOOLEAN NOT NULL, \n\tPRIMARY KEY (id), \n\tFOREIGN KEY(parent_list_id) REFERENCES task_list (id)\n)\n\n', ()) completed
DEBUG    aiosqlite:core.py:105 executing functools.partial(<built-in method close of sqlite3.Cursor object at 0x7f80f9cd2340>)
DEBUG    aiosqlite:core.py:107 operation functools.partial(<built-in method close of sqlite3.Cursor object at 0x7f80f9cd2340>) completed
DEBUG    aiosqlite:core.py:105 executing functools.partial(<built-in method commit of sqlite3.Connection object at 0x7f80f9cbef20>)
DEBUG    aiosqlite:core.py:107 operation functools.partial(<built-in method commit of sqlite3.Connection object at 0x7f80f9cbef20>) completed
DEBUG    aiosqlite:core.py:105 executing functools.partial(<built-in method rollback of sqlite3.Connection object at 0x7f80f9cbef20>)
DEBUG    aiosqlite:core.py:107 operation functools.partial(<built-in method rollback of sqlite3.Connection object at 0x7f80f9cbef20>) completed
DEBUG    lisette.core.models:models.py:25 new TaskList(id=None, name='list 1', guild_id=0, tasks=[], msg_id=0)
DEBUG    lisette.core.models:models.py:25 new Task(id=None, content='do something', parent_list=..., parent_list_id=None, local_id=None, checked=False)
DEBUG    lisette.core.models:logging.py:53 executing <function TaskList.insert at 0x7f80f9e3a660>, args=(TaskList(id=None, name='list 1', guild_id=0, tasks=[], msg_id=0), Task(id=None, content='do something', parent_list=..., parent_list_id=None, local_id=None, checked=False)), kwargs={}
DEBUG    lisette.core.models:models.py:92 inserted Task(id=None, content='do something', parent_list=..., parent_list_id=None, local_id=0, checked=False) into TaskList(id=None, name='list 1', guild_id=0, tasks=[Task(id=None, content='do something', parent_list=..., parent_list_id=None, local_id=0, checked=False)], msg_id=0)
DEBUG    lisette.core.models:logging.py:55 operation <function TaskList.insert at 0x7f80f9e3a660>, args=(TaskList(id=None, name='list 1', guild_id=0, tasks=[], msg_id=0), Task(id=None, content='do something', parent_list=..., parent_list_id=None, local_id=None, checked=False)), kwargs={} completed, returning None
DEBUG    lisette.core.models:models.py:25 new Task(id=None, content='do something else', parent_list=..., parent_list_id=None, local_id=None, checked=False)
DEBUG    lisette.core.models:logging.py:53 executing <function TaskList.insert at 0x7f80f9e3a660>, args=(TaskList(id=None, name='list 1', guild_id=0, tasks=[Task(id=None, content='do something', parent_list=..., parent_list_id=None, local_id=0, checked=False)], msg_id=0), Task(id=None, content='do something else', parent_list=..., parent_list_id=None, local_id=None, checked=False)), kwargs={}
DEBUG    lisette.core.models:models.py:92 inserted Task(id=None, content='do something else', parent_list=..., parent_list_id=None, local_id=1, checked=False) into TaskList(id=None, name='list 1', guild_id=0, tasks=[Task(id=None, content='do something', parent_list=..., parent_list_id=None, local_id=0, checked=False), Task(id=None, content='do something else', parent_list=..., parent_list_id=None, local_id=1, checked=False)], msg_id=0)
DEBUG    lisette.core.models:logging.py:55 operation <function TaskList.insert at 0x7f80f9e3a660>, args=(TaskList(id=None, name='list 1', guild_id=0, tasks=[Task(id=None, content='do something', parent_list=..., parent_list_id=None, local_id=0, checked=False)], msg_id=0), Task(id=None, content='do something else', parent_list=..., parent_list_id=None, local_id=None, checked=False)), kwargs={} completed, returning None
DEBUG    lisette.core.models:models.py:25 new Task(id=None, content='do a third thing', parent_list=..., parent_list_id=None, local_id=None, checked=False)
DEBUG    lisette.core.models:logging.py:53 executing <function TaskList.insert at 0x7f80f9e3a660>, args=(TaskList(id=None, name='list 1', guild_id=0, tasks=[Task(id=None, content='do something', parent_list=..., parent_list_id=None, local_id=0, checked=False), Task(id=None, content='do something else', parent_list=..., parent_list_id=None, local_id=1, checked=False)], msg_id=0), Task(id=None, content='do a third thing', parent_list=..., parent_list_id=None, local_id=None, checked=False)), kwargs={}
DEBUG    lisette.core.models:models.py:92 inserted Task(id=None, content='do a third thing', parent_list=..., parent_list_id=None, local_id=2, checked=False) into TaskList(id=None, name='list 1', guild_id=0, tasks=[Task(id=None, content='do something', parent_list=..., parent_list_id=None, local_id=0, checked=False), Task(id=None, content='do something else', parent_list=..., parent_list_id=None, local_id=1, checked=False), Task(id=None, content='do a third thing', parent_list=..., parent_list_id=None, local_id=2, checked=False)], msg_id=0)
DEBUG    lisette.core.models:logging.py:55 operation <function TaskList.insert at 0x7f80f9e3a660>, args=(TaskList(id=None, name='list 1', guild_id=0, tasks=[Task(id=None, content='do something', parent_list=..., parent_list_id=None, local_id=0, checked=False), Task(id=None, content='do something else', parent_list=..., parent_list_id=None, local_id=1, checked=False)], msg_id=0), Task(id=None, content='do a third thing', parent_list=..., parent_list_id=None, local_id=None, checked=False)), kwargs={} completed, returning None
-------------------------------- live log call ---------------------------------
DEBUG    aiosqlite:core.py:105 executing functools.partial(<built-in method cursor of sqlite3.Connection object at 0x7f80f9cbef20>)
DEBUG    aiosqlite:core.py:107 operation functools.partial(<built-in method cursor of sqlite3.Connection object at 0x7f80f9cbef20>) completed
DEBUG    aiosqlite:core.py:105 executing functools.partial(<built-in method execute of sqlite3.Cursor object at 0x7f80f9d25340>, 'INSERT INTO task_list (name, guild_id, msg_id) VALUES (?, ?, ?)', ('list 1', 0, 0))
DEBUG    aiosqlite:core.py:107 operation functools.partial(<built-in method execute of sqlite3.Cursor object at 0x7f80f9d25340>, 'INSERT INTO task_list (name, guild_id, msg_id) VALUES (?, ?, ?)', ('list 1', 0, 0)) completed
DEBUG    aiosqlite:core.py:105 executing functools.partial(<built-in method close of sqlite3.Cursor object at 0x7f80f9d25340>)
DEBUG    aiosqlite:core.py:107 operation functools.partial(<built-in method close of sqlite3.Cursor object at 0x7f80f9d25340>) completed
DEBUG    aiosqlite:core.py:105 executing functools.partial(<built-in method cursor of sqlite3.Connection object at 0x7f80f9cbef20>)
DEBUG    aiosqlite:core.py:107 operation functools.partial(<built-in method cursor of sqlite3.Connection object at 0x7f80f9cbef20>) completed
DEBUG    aiosqlite:core.py:105 executing functools.partial(<built-in method execute of sqlite3.Cursor object at 0x7f80f9cd2640>, 'INSERT INTO task (content, parent_list_id, local_id, checked) VALUES (?, ?, ?, ?) RETURNING id', ('do something', 1, 0, 0))
DEBUG    aiosqlite:core.py:107 operation functools.partial(<built-in method execute of sqlite3.Cursor object at 0x7f80f9cd2640>, 'INSERT INTO task (content, parent_list_id, local_id, checked) VALUES (?, ?, ?, ?) RETURNING id', ('do something', 1, 0, 0)) completed
DEBUG    aiosqlite:core.py:105 executing functools.partial(<built-in method fetchall of sqlite3.Cursor object at 0x7f80f9cd2640>)
DEBUG    aiosqlite:core.py:107 operation functools.partial(<built-in method fetchall of sqlite3.Cursor object at 0x7f80f9cd2640>) completed
DEBUG    aiosqlite:core.py:105 executing functools.partial(<built-in method close of sqlite3.Cursor object at 0x7f80f9cd2640>)
DEBUG    aiosqlite:core.py:107 operation functools.partial(<built-in method close of sqlite3.Cursor object at 0x7f80f9cd2640>) completed
DEBUG    aiosqlite:core.py:105 executing functools.partial(<built-in method cursor of sqlite3.Connection object at 0x7f80f9cbef20>)
DEBUG    aiosqlite:core.py:107 operation functools.partial(<built-in method cursor of sqlite3.Connection object at 0x7f80f9cbef20>) completed
DEBUG    aiosqlite:core.py:105 executing functools.partial(<built-in method execute of sqlite3.Cursor object at 0x7f80f9cd1740>, 'INSERT INTO task (content, parent_list_id, local_id, checked) VALUES (?, ?, ?, ?) RETURNING id', ('do something else', 1, 1, 0))
DEBUG    aiosqlite:core.py:107 operation functools.partial(<built-in method execute of sqlite3.Cursor object at 0x7f80f9cd1740>, 'INSERT INTO task (content, parent_list_id, local_id, checked) VALUES (?, ?, ?, ?) RETURNING id', ('do something else', 1, 1, 0)) completed
DEBUG    aiosqlite:core.py:105 executing functools.partial(<built-in method fetchall of sqlite3.Cursor object at 0x7f80f9cd1740>)
DEBUG    aiosqlite:core.py:107 operation functools.partial(<built-in method fetchall of sqlite3.Cursor object at 0x7f80f9cd1740>) completed
DEBUG    aiosqlite:core.py:105 executing functools.partial(<built-in method close of sqlite3.Cursor object at 0x7f80f9cd1740>)
DEBUG    aiosqlite:core.py:107 operation functools.partial(<built-in method close of sqlite3.Cursor object at 0x7f80f9cd1740>) completed
DEBUG    aiosqlite:core.py:105 executing functools.partial(<built-in method cursor of sqlite3.Connection object at 0x7f80f9cbef20>)
DEBUG    aiosqlite:core.py:107 operation functools.partial(<built-in method cursor of sqlite3.Connection object at 0x7f80f9cbef20>) completed
DEBUG    aiosqlite:core.py:105 executing functools.partial(<built-in method execute of sqlite3.Cursor object at 0x7f80f9d252c0>, 'INSERT INTO task (content, parent_list_id, local_id, checked) VALUES (?, ?, ?, ?) RETURNING id', ('do a third thing', 1, 2, 0))
DEBUG    aiosqlite:core.py:107 operation functools.partial(<built-in method execute of sqlite3.Cursor object at 0x7f80f9d252c0>, 'INSERT INTO task (content, parent_list_id, local_id, checked) VALUES (?, ?, ?, ?) RETURNING id', ('do a third thing', 1, 2, 0)) completed
DEBUG    aiosqlite:core.py:105 executing functools.partial(<built-in method fetchall of sqlite3.Cursor object at 0x7f80f9d252c0>)
DEBUG    aiosqlite:core.py:107 operation functools.partial(<built-in method fetchall of sqlite3.Cursor object at 0x7f80f9d252c0>) completed
DEBUG    aiosqlite:core.py:105 executing functools.partial(<built-in method close of sqlite3.Cursor object at 0x7f80f9d252c0>)
DEBUG    aiosqlite:core.py:107 operation functools.partial(<built-in method close of sqlite3.Cursor object at 0x7f80f9d252c0>) completed
DEBUG    aiosqlite:core.py:105 executing functools.partial(<built-in method commit of sqlite3.Connection object at 0x7f80f9cbef20>)
DEBUG    aiosqlite:core.py:107 operation functools.partial(<built-in method commit of sqlite3.Connection object at 0x7f80f9cbef20>) completed
DEBUG    aiosqlite:core.py:105 executing functools.partial(<built-in method rollback of sqlite3.Connection object at 0x7f80f9cbef20>)
DEBUG    aiosqlite:core.py:107 operation functools.partial(<built-in method rollback of sqlite3.Connection object at 0x7f80f9cbef20>) completed
DEBUG    aiosqlite:core.py:105 executing functools.partial(<built-in method cursor of sqlite3.Connection object at 0x7f80f9cbef20>)
DEBUG    aiosqlite:core.py:107 operation functools.partial(<built-in method cursor of sqlite3.Connection object at 0x7f80f9cbef20>) completed
DEBUG    aiosqlite:core.py:105 executing functools.partial(<built-in method execute of sqlite3.Cursor object at 0x7f80f9d25d40>, 'SELECT task_list.id, task_list.name, task_list.guild_id, task_list.msg_id \nFROM task_list \nWHERE task_list.guild_id = ? AND task_list.name = ?', (0, 'list 1'))
DEBUG    aiosqlite:core.py:107 operation functools.partial(<built-in method execute of sqlite3.Cursor object at 0x7f80f9d25d40>, 'SELECT task_list.id, task_list.name, task_list.guild_id, task_list.msg_id \nFROM task_list \nWHERE task_list.guild_id = ? AND task_list.name = ?', (0, 'list 1')) completed
DEBUG    aiosqlite:core.py:105 executing functools.partial(<built-in method fetchall of sqlite3.Cursor object at 0x7f80f9d25d40>)
DEBUG    aiosqlite:core.py:107 operation functools.partial(<built-in method fetchall of sqlite3.Cursor object at 0x7f80f9d25d40>) completed
DEBUG    aiosqlite:core.py:105 executing functools.partial(<built-in method close of sqlite3.Cursor object at 0x7f80f9d25d40>)
DEBUG    aiosqlite:core.py:107 operation functools.partial(<built-in method close of sqlite3.Cursor object at 0x7f80f9d25d40>) completed
DEBUG    aiosqlite:core.py:105 executing functools.partial(<built-in method cursor of sqlite3.Connection object at 0x7f80f9cbef20>)
DEBUG    aiosqlite:core.py:107 operation functools.partial(<built-in method cursor of sqlite3.Connection object at 0x7f80f9cbef20>) completed
DEBUG    aiosqlite:core.py:105 executing functools.partial(<built-in method execute of sqlite3.Cursor object at 0x7f80f9d26ac0>, 'SELECT task.parent_list_id AS task_parent_list_id, task.id AS task_id, task.content AS task_content, task.local_id AS task_local_id, task.checked AS task_checked \nFROM task \nWHERE task.parent_list_id IN (?)', (1,))
DEBUG    aiosqlite:core.py:107 operation functools.partial(<built-in method execute of sqlite3.Cursor object at 0x7f80f9d26ac0>, 'SELECT task.parent_list_id AS task_parent_list_id, task.id AS task_id, task.content AS task_content, task.local_id AS task_local_id, task.checked AS task_checked \nFROM task \nWHERE task.parent_list_id IN (?)', (1,)) completed
DEBUG    aiosqlite:core.py:105 executing functools.partial(<built-in method fetchall of sqlite3.Cursor object at 0x7f80f9d26ac0>)
DEBUG    aiosqlite:core.py:107 operation functools.partial(<built-in method fetchall of sqlite3.Cursor object at 0x7f80f9d26ac0>) completed
DEBUG    aiosqlite:core.py:105 executing functools.partial(<built-in method close of sqlite3.Cursor object at 0x7f80f9d26ac0>)
DEBUG    aiosqlite:core.py:107 operation functools.partial(<built-in method close of sqlite3.Cursor object at 0x7f80f9d26ac0>) completed
PASSED                                                                   [ 53%]
------------------------------ live log teardown -------------------------------
DEBUG    aiosqlite:core.py:105 executing functools.partial(<built-in method rollback of sqlite3.Connection object at 0x7f80f9cbef20>)
DEBUG    aiosqlite:core.py:107 operation functools.partial(<built-in method rollback of sqlite3.Connection object at 0x7f80f9cbef20>) completed
DEBUG    aiosqlite:core.py:105 executing functools.partial(<built-in method rollback of sqlite3.Connection object at 0x7f80f9cbef20>)
DEBUG    aiosqlite:core.py:107 operation functools.partial(<built-in method rollback of sqlite3.Connection object at 0x7f80f9cbef20>) completed
DEBUG    asyncio:selector_events.py:54 Using selector: EpollSelector

tests/test_model.py::test_lookup_task 
-------------------------------- live log setup --------------------------------
DEBUG    asyncio:selector_events.py:54 Using selector: EpollSelector
DEBUG    aiosqlite:core.py:105 executing <function connect.<locals>.connector at 0x7f80f91f8680>
DEBUG    aiosqlite:core.py:107 operation <function connect.<locals>.connector at 0x7f80f91f8680> completed
DEBUG    aiosqlite:core.py:105 executing functools.partial(<built-in method create_function of sqlite3.Connection object at 0x7f80f9d39d50>, 'regexp', 2, <function SQLiteDialect_pysqlite.on_connect.<locals>.regexp at 0x7f80f9d2e0c0>, deterministic=True)
DEBUG    aiosqlite:core.py:107 operation functools.partial(<built-in method create_function of sqlite3.Connection object at 0x7f80f9d39d50>, 'regexp', 2, <function SQLiteDialect_pysqlite.on_connect.<locals>.regexp at 0x7f80f9d2e0c0>, deterministic=True) completed
DEBUG    aiosqlite:core.py:105 executing functools.partial(<built-in method create_function of sqlite3.Connection object at 0x7f80f9d39d50>, 'floor', 1, <built-in function floor>, deterministic=True)
DEBUG    aiosqlite:core.py:107 operation functools.partial(<built-in method create_function of sqlite3.Connection object at 0x7f80f9d39d50>, 'floor', 1, <built-in function floor>, deterministic=True) completed
DEBUG    aiosqlite:core.py:105 executing functools.partial(<built-in method cursor of sqlite3.Connection object at 0x7f80f9d39d50>)
DEBUG    aiosqlite:core.py:107 operation functools.partial(<built-in method cursor of sqlite3.Connection object at 0x7f80f9d39d50>) completed
DEBUG    aiosqlite:core.py:105 executing functools.partial(<built-in method execute of sqlite3.Cursor object at 0x7f80f9cd2240>, 'PRAGMA read_uncommitted', [])
DEBUG    aiosqlite:core.py:107 operation functools.partial(<built-in method execute of sqlite3.Cursor object at 0x7f80f9cd2240>, 'PRAGMA read_uncommitted', []) completed
DEBUG    aiosqlite:core.py:105 executing functools.partial(<built-in method fetchall of sqlite3.Cursor object at 0x7f80f9cd2240>)
DEBUG    aiosqlite:core.py:107 operation functools.partial(<built-in method fetchall of sqlite3.Cursor object at 0x7f80f9cd2240>) completed
DEBUG    aiosqlite:core.py:105 executing functools.partial(<built-in method close of sqlite3.Cursor object at 0x7f80f9cd2240>)
DEBUG    aiosqlite:core.py:107 operation functools.partial(<built-in method close of sqlite3.Cursor object at 0x7f80f9cd2240>) completed
DEBUG    aiosqlite:core.py:105 executing functools.partial(<built-in method rollback of sqlite3.Connection object at 0x7f80f9d39d50>)
DEBUG    aiosqlite:core.py:107 operation functools.partial(<built-in method rollback of sqlite3.Connection object at 0x7f80f9d39d50>) completed
DEBUG    aiosqlite:core.py:105 executing functools.partial(<built-in method cursor of sqlite3.Connection object at 0x7f80f9d39d50>)
DEBUG    aiosqlite:core.py:107 operation functools.partial(<built-in method cursor of sqlite3.Connection object at 0x7f80f9d39d50>) completed
DEBUG    aiosqlite:core.py:105 executing functools.partial(<built-in method execute of sqlite3.Cursor object at 0x7f80f9d249c0>, 'PRAGMA main.table_info("task_list")', ())
DEBUG    aiosqlite:core.py:107 operation functools.partial(<built-in method execute of sqlite3.Cursor object at 0x7f80f9d249c0>, 'PRAGMA main.table_info("task_list")', ()) completed
DEBUG    aiosqlite:core.py:105 executing functools.partial(<built-in method fetchall of sqlite3.Cursor object at 0x7f80f9d249c0>)
DEBUG    aiosqlite:core.py:107 operation functools.partial(<built-in method fetchall of sqlite3.Cursor object at 0x7f80f9d249c0>) completed
DEBUG    aiosqlite:core.py:105 executing functools.partial(<built-in method close of sqlite3.Cursor object at 0x7f80f9d249c0>)
DEBUG    aiosqlite:core.py:107 operation functools.partial(<built-in method close of sqlite3.Cursor object at 0x7f80f9d249c0>) completed
DEBUG    aiosqlite:core.py:105 executing functools.partial(<built-in method cursor of sqlite3.Connection object at 0x7f80f9d39d50>)
DEBUG    aiosqlite:core.py:107 operation functools.partial(<built-in method cursor of sqlite3.Connection object at 0x7f80f9d39d50>) completed
DEBUG    aiosqlite:core.py:105 executing functools.partial(<built-in method execute of sqlite3.Cursor object at 0x7f80f9d246c0>, 'PRAGMA temp.table_info("task_list")', ())
DEBUG    aiosqlite:core.py:107 operation functools.partial(<built-in method execute of sqlite3.Cursor object at 0x7f80f9d246c0>, 'PRAGMA temp.table_info("task_list")', ()) completed
DEBUG    aiosqlite:core.py:105 executing functools.partial(<built-in method fetchall of sqlite3.Cursor object at 0x7f80f9d246c0>)
DEBUG    aiosqlite:core.py:107 operation functools.partial(<built-in method fetchall of sqlite3.Cursor object at 0x7f80f9d246c0>) completed
DEBUG    aiosqlite:core.py:105 executing functools.partial(<built-in method close of sqlite3.Cursor object at 0x7f80f9d246c0>)
DEBUG    aiosqlite:core.py:107 operation functools.partial(<built-in method close of sqlite3.Cursor object at 0x7f80f9d246c0>) completed
DEBUG    aiosqlite:core.py:105 executing functools.partial(<built-in method cursor of sqlite3.Connection object at 0x7f80f9d39d50>)
DEBUG    aiosqlite:core.py:107 operation functools.partial(<built-in method cursor of sqlite3.Connection object at 0x7f80f9d39d50>) completed
DEBUG    aiosqlite:core.py:105 executing functools.partial(<built-in method execute of sqlite3.Cursor object at 0x7f80f9d26cc0>, 'PRAGMA main.table_info("task")', ())
DEBUG    aiosqlite:core.py:107 operation functools.partial(<built-in method execute of sqlite3.Cursor object at 0x7f80f9d26cc0>, 'PRAGMA main.table_info("task")', ()) completed
DEBUG    aiosqlite:core.py:105 executing functools.partial(<built-in method fetchall of sqlite3.Cursor object at 0x7f80f9d26cc0>)
DEBUG    aiosqlite:core.py:107 operation functools.partial(<built-in method fetchall of sqlite3.Cursor object at 0x7f80f9d26cc0>) completed
DEBUG    aiosqlite:core.py:105 executing functools.partial(<built-in method close of sqlite3.Cursor object at 0x7f80f9d26cc0>)
DEBUG    aiosqlite:core.py:107 operation functools.partial(<built-in method close of sqlite3.Cursor object at 0x7f80f9d26cc0>) completed
DEBUG    aiosqlite:core.py:105 executing functools.partial(<built-in method cursor of sqlite3.Connection object at 0x7f80f9d39d50>)
DEBUG    aiosqlite:core.py:107 operation functools.partial(<built-in method cursor of sqlite3.Connection object at 0x7f80f9d39d50>) completed
DEBUG    aiosqlite:core.py:105 executing functools.partial(<built-in method execute of sqlite3.Cursor object at 0x7f80f9d26fc0>, 'PRAGMA temp.table_info("task")', ())
DEBUG    aiosqlite:core.py:107 operation functools.partial(<built-in method execute of sqlite3.Cursor object at 0x7f80f9d26fc0>, 'PRAGMA temp.table_info("task")', ()) completed
DEBUG    aiosqlite:core.py:105 executing functools.partial(<built-in method fetchall of sqlite3.Cursor object at 0x7f80f9d26fc0>)
DEBUG    aiosqlite:core.py:107 operation functools.partial(<built-in method fetchall of sqlite3.Cursor object at 0x7f80f9d26fc0>) completed
DEBUG    aiosqlite:core.py:105 executing functools.partial(<built-in method close of sqlite3.Cursor object at 0x7f80f9d26fc0>)
DEBUG    aiosqlite:core.py:107 operation functools.partial(<built-in method close of sqlite3.Cursor object at 0x7f80f9d26fc0>) completed
DEBUG    aiosqlite:core.py:105 executing functools.partial(<built-in method cursor of sqlite3.Connection object at 0x7f80f9d39d50>)
DEBUG    aiosqlite:core.py:107 operation functools.partial(<built-in method cursor of sqlite3.Connection object at 0x7f80f9d39d50>) completed
DEBUG    aiosqlite:core.py:105 executing functools.partial(<built-in method execute of sqlite3.Cursor object at 0x7f80f9cd29c0>, '\nCREATE TABLE task_list (\n\tid INTEGER NOT NULL, \n\tname VARCHAR NOT NULL, \n\tguild_id INTEGER NOT NULL, \n\tmsg_id INTEGER NOT NULL, \n\tPRIMARY KEY (id), \n\tUNIQUE (name, guild_id)\n)\n\n', ())
DEBUG    aiosqlite:core.py:107 operation functools.partial(<built-in method execute of sqlite3.Cursor object at 0x7f80f9cd29c0>, '\nCREATE TABLE task_list (\n\tid INTEGER NOT NULL, \n\tname VARCHAR NOT NULL, \n\tguild_id INTEGER NOT NULL, \n\tmsg_id INTEGER NOT NULL, \n\tPRIMARY KEY (id), \n\tUNIQUE (name, guild_id)\n)\n\n', ()) completed
DEBUG    aiosqlite:core.py:105 executing functools.partial(<built-in method close of sqlite3.Cursor object at 0x7f80f9cd29c0>)
DEBUG    aiosqlite:core.py:107 operation functools.partial(<built-in method close of sqlite3.Cursor object at 0x7f80f9cd29c0>) completed
DEBUG    aiosqlite:core.py:105 executing functools.partial(<built-in method cursor of sqlite3.Connection object at 0x7f80f9d39d50>)
DEBUG    aiosqlite:core.py:107 operation functools.partial(<built-in method cursor of sqlite3.Connection object at 0x7f80f9d39d50>) completed
DEBUG    aiosqlite:core.py:105 executing functools.partial(<built-in method execute of sqlite3.Cursor object at 0x7f80f9cd2d40>, '\nCREATE TABLE task (\n\tid INTEGER NOT NULL, \n\tcontent VARCHAR NOT NULL, \n\tparent_list_id INTEGER, \n\tlocal_id INTEGER, \n\tchecked BOOLEAN NOT NULL, \n\tPRIMARY KEY (id), \n\tFOREIGN KEY(parent_list_id) REFERENCES task_list (id)\n)\n\n', ())
DEBUG    aiosqlite:core.py:107 operation functools.partial(<built-in method execute of sqlite3.Cursor object at 0x7f80f9cd2d40>, '\nCREATE TABLE task (\n\tid INTEGER NOT NULL, \n\tcontent VARCHAR NOT NULL, \n\tparent_list_id INTEGER, \n\tlocal_id INTEGER, \n\tchecked BOOLEAN NOT NULL, \n\tPRIMARY KEY (id), \n\tFOREIGN KEY(parent_list_id) REFERENCES task_list (id)\n)\n\n', ()) completed
DEBUG    aiosqlite:core.py:105 executing functools.partial(<built-in method close of sqlite3.Cursor object at 0x7f80f9cd2d40>)
DEBUG    aiosqlite:core.py:107 operation functools.partial(<built-in method close of sqlite3.Cursor object at 0x7f80f9cd2d40>) completed
DEBUG    aiosqlite:core.py:105 executing functools.partial(<built-in method commit of sqlite3.Connection object at 0x7f80f9d39d50>)
DEBUG    aiosqlite:core.py:107 operation functools.partial(<built-in method commit of sqlite3.Connection object at 0x7f80f9d39d50>) completed
DEBUG    aiosqlite:core.py:105 executing functools.partial(<built-in method rollback of sqlite3.Connection object at 0x7f80f9d39d50>)
DEBUG    aiosqlite:core.py:107 operation functools.partial(<built-in method rollback of sqlite3.Connection object at 0x7f80f9d39d50>) completed
DEBUG    lisette.core.models:models.py:25 new TaskList(id=None, name='list 1', guild_id=0, tasks=[], msg_id=0)
DEBUG    lisette.core.models:models.py:25 new Task(id=None, content='do something', parent_list=..., parent_list_id=None, local_id=None, checked=False)
DEBUG    lisette.core.models:logging.py:53 executing <function TaskList.insert at 0x7f80f9e3a660>, args=(TaskList(id=None, name='list 1', guild_id=0, tasks=[], msg_id=0), Task(id=None, content='do something', parent_list=..., parent_list_id=None, local_id=None, checked=False)), kwargs={}
DEBUG    lisette.core.models:models.py:92 inserted Task(id=None, content='do something', parent_list=..., parent_list_id=None, local_id=0, checked=False) into TaskList(id=None, name='list 1', guild_id=0, tasks=[Task(id=None, content='do something', parent_list=..., parent_list_id=None, local_id=0, checked=False)], msg_id=0)
DEBUG    lisette.core.models:logging.py:55 operation <function TaskList.insert at 0x7f80f9e3a660>, args=(TaskList(id=None, name='list 1', guild_id=0, tasks=[], msg_id=0), Task(id=None, content='do something', parent_list=..., parent_list_id=None, local_id=None, checked=False)), kwargs={} completed, returning None
DEBUG    lisette.core.models:models.py:25 new Task(id=None, content='do something else', parent_list=..., parent_list_id=None, local_id=None, checked=False)
DEBUG    lisette.core.models:logging.py:53 executing <function TaskList.insert at 0x7f80f9e3a660>, args=(TaskList(id=None, name='list 1', guild_id=0, tasks=[Task(id=None, content='do something', parent_list=..., parent_list_id=None, local_id=0, checked=False)], msg_id=0), Task(id=None, content='do something else', parent_list=..., parent_list_id=None, local_id=None, checked=False)), kwargs={}
DEBUG    lisette.core.models:models.py:92 inserted Task(id=None, content='do something else', parent_list=..., parent_list_id=None, local_id=1, checked=False) into TaskList(id=None, name='list 1', guild_id=0, tasks=[Task(id=None, content='do something', parent_list=..., parent_list_id=None, local_id=0, checked=False), Task(id=None, content='do something else', parent_list=..., parent_list_id=None, local_id=1, checked=False)], msg_id=0)
DEBUG    lisette.core.models:logging.py:55 operation <function TaskList.insert at 0x7f80f9e3a660>, args=(TaskList(id=None, name='list 1', guild_id=0, tasks=[Task(id=None, content='do something', parent_list=..., parent_list_id=None, local_id=0, checked=False)], msg_id=0), Task(id=None, content='do something else', parent_list=..., parent_list_id=None, local_id=None, checked=False)), kwargs={} completed, returning None
DEBUG    lisette.core.models:models.py:25 new Task(id=None, content='do a third thing', parent_list=..., parent_list_id=None, local_id=None, checked=False)
DEBUG    lisette.core.models:logging.py:53 executing <function TaskList.insert at 0x7f80f9e3a660>, args=(TaskList(id=None, name='list 1', guild_id=0, tasks=[Task(id=None, content='do something', parent_list=..., parent_list_id=None, local_id=0, checked=False), Task(id=None, content='do something else', parent_list=..., parent_list_id=None, local_id=1, checked=False)], msg_id=0), Task(id=None, content='do a third thing', parent_list=..., parent_list_id=None, local_id=None, checked=False)), kwargs={}
DEBUG    lisette.core.models:models.py:92 inserted Task(id=None, content='do a third thing', parent_list=..., parent_list_id=None, local_id=2, checked=False) into TaskList(id=None, name='list 1', guild_id=0, tasks=[Task(id=None, content='do something', parent_list=..., parent_list_id=None, local_id=0, checked=False), Task(id=None, content='do something else', parent_list=..., parent_list_id=None, local_id=1, checked=False), Task(id=None, content='do a third thing', parent_list=..., parent_list_id=None, local_id=2, checked=False)], msg_id=0)
DEBUG    lisette.core.models:logging.py:55 operation <function TaskList.insert at 0x7f80f9e3a660>, args=(TaskList(id=None, name='list 1', guild_id=0, tasks=[Task(id=None, content='do something', parent_list=..., parent_list_id=None, local_id=0, checked=False), Task(id=None, content='do something else', parent_list=..., parent_list_id=None, local_id=1, checked=False)], msg_id=0), Task(id=None, content='do a third thing', parent_list=..., parent_list_id=None, local_id=None, checked=False)), kwargs={} completed, returning None
-------------------------------- live log call ---------------------------------
DEBUG    aiosqlite:core.py:105 executing functools.partial(<built-in method cursor of sqlite3.Connection object at 0x7f80f9d39d50>)
DEBUG    aiosqlite:core.py:107 operation functools.partial(<built-in method cursor of sqlite3.Connection object at 0x7f80f9d39d50>) completed
DEBUG    aiosqlite:core.py:105 executing functools.partial(<built-in method execute of sqlite3.Cursor object at 0x7f80f9c88a40>, 'INSERT INTO task_list (name, guild_id, msg_id) VALUES (?, ?, ?)', ('list 1', 0, 0))
DEBUG    aiosqlite:core.py:107 operation functools.partial(<built-in method execute of sqlite3.Cursor object at 0x7f80f9c88a40>, 'INSERT INTO task_list (name, guild_id, msg_id) VALUES (?, ?, ?)', ('list 1', 0, 0)) completed
DEBUG    aiosqlite:core.py:105 executing functools.partial(<built-in method close of sqlite3.Cursor object at 0x7f80f9c88a40>)
DEBUG    aiosqlite:core.py:107 operation functools.partial(<built-in method close of sqlite3.Cursor object at 0x7f80f9c88a40>) completed
DEBUG    aiosqlite:core.py:105 executing functools.partial(<built-in method cursor of sqlite3.Connection object at 0x7f80f9d39d50>)
DEBUG    aiosqlite:core.py:107 operation functools.partial(<built-in method cursor of sqlite3.Connection object at 0x7f80f9d39d50>) completed
DEBUG    aiosqlite:core.py:105 executing functools.partial(<built-in method execute of sqlite3.Cursor object at 0x7f80f9c893c0>, 'INSERT INTO task (content, parent_list_id, local_id, checked) VALUES (?, ?, ?, ?) RETURNING id', ('do something', 1, 0, 0))
DEBUG    aiosqlite:core.py:107 operation functools.partial(<built-in method execute of sqlite3.Cursor object at 0x7f80f9c893c0>, 'INSERT INTO task (content, parent_list_id, local_id, checked) VALUES (?, ?, ?, ?) RETURNING id', ('do something', 1, 0, 0)) completed
DEBUG    aiosqlite:core.py:105 executing functools.partial(<built-in method fetchall of sqlite3.Cursor object at 0x7f80f9c893c0>)
DEBUG    aiosqlite:core.py:107 operation functools.partial(<built-in method fetchall of sqlite3.Cursor object at 0x7f80f9c893c0>) completed
DEBUG    aiosqlite:core.py:105 executing functools.partial(<built-in method close of sqlite3.Cursor object at 0x7f80f9c893c0>)
DEBUG    aiosqlite:core.py:107 operation functools.partial(<built-in method close of sqlite3.Cursor object at 0x7f80f9c893c0>) completed
DEBUG    aiosqlite:core.py:105 executing functools.partial(<built-in method cursor of sqlite3.Connection object at 0x7f80f9d39d50>)
DEBUG    aiosqlite:core.py:107 operation functools.partial(<built-in method cursor of sqlite3.Connection object at 0x7f80f9d39d50>) completed
DEBUG    aiosqlite:core.py:105 executing functools.partial(<built-in method execute of sqlite3.Cursor object at 0x7f80fabf6140>, 'INSERT INTO task (content, parent_list_id, local_id, checked) VALUES (?, ?, ?, ?) RETURNING id', ('do something else', 1, 1, 0))
DEBUG    aiosqlite:core.py:107 operation functools.partial(<built-in method execute of sqlite3.Cursor object at 0x7f80fabf6140>, 'INSERT INTO task (content, parent_list_id, local_id, checked) VALUES (?, ?, ?, ?) RETURNING id', ('do something else', 1, 1, 0)) completed
DEBUG    aiosqlite:core.py:105 executing functools.partial(<built-in method fetchall of sqlite3.Cursor object at 0x7f80fabf6140>)
DEBUG    aiosqlite:core.py:107 operation functools.partial(<built-in method fetchall of sqlite3.Cursor object at 0x7f80fabf6140>) completed
DEBUG    aiosqlite:core.py:105 executing functools.partial(<built-in method close of sqlite3.Cursor object at 0x7f80fabf6140>)
DEBUG    aiosqlite:core.py:107 operation functools.partial(<built-in method close of sqlite3.Cursor object at 0x7f80fabf6140>) completed
DEBUG    aiosqlite:core.py:105 executing functools.partial(<built-in method cursor of sqlite3.Connection object at 0x7f80f9d39d50>)
DEBUG    aiosqlite:core.py:107 operation functools.partial(<built-in method cursor of sqlite3.Connection object at 0x7f80f9d39d50>) completed
DEBUG    aiosqlite:core.py:105 executing functools.partial(<built-in method execute of sqlite3.Cursor object at 0x7f80f9d26440>, 'INSERT INTO task (content, parent_list_id, local_id, checked) VALUES (?, ?, ?, ?) RETURNING id', ('do a third thing', 1, 2, 0))
DEBUG    aiosqlite:core.py:107 operation functools.partial(<built-in method execute of sqlite3.Cursor object at 0x7f80f9d26440>, 'INSERT INTO task (content, parent_list_id, local_id, checked) VALUES (?, ?, ?, ?) RETURNING id', ('do a third thing', 1, 2, 0)) completed
DEBUG    aiosqlite:core.py:105 executing functools.partial(<built-in method fetchall of sqlite3.Cursor object at 0x7f80f9d26440>)
DEBUG    aiosqlite:core.py:107 operation functools.partial(<built-in method fetchall of sqlite3.Cursor object at 0x7f80f9d26440>) completed
DEBUG    aiosqlite:core.py:105 executing functools.partial(<built-in method close of sqlite3.Cursor object at 0x7f80f9d26440>)
DEBUG    aiosqlite:core.py:107 operation functools.partial(<built-in method close of sqlite3.Cursor object at 0x7f80f9d26440>) completed
DEBUG    aiosqlite:core.py:105 executing functools.partial(<built-in method commit of sqlite3.Connection object at 0x7f80f9d39d50>)
DEBUG    aiosqlite:core.py:107 operation functools.partial(<built-in method commit of sqlite3.Connection object at 0x7f80f9d39d50>) completed
DEBUG    aiosqlite:core.py:105 executing functools.partial(<built-in method rollback of sqlite3.Connection object at 0x7f80f9d39d50>)
DEBUG    aiosqlite:core.py:107 operation functools.partial(<built-in method rollback of sqlite3.Connection object at 0x7f80f9d39d50>) completed
DEBUG    lisette.core.models:models.py:243 SELECT task.id, task.content, task.parent_list_id, task.local_id, task.checked 
FROM task JOIN task_list ON task_list.id = task.parent_list_id 
WHERE task_list.guild_id = :guild_id_1 AND task_list.name = :name_1 AND task.local_id = :local_id_1
DEBUG    aiosqlite:core.py:105 executing functools.partial(<built-in method cursor of sqlite3.Connection object at 0x7f80f9d39d50>)
DEBUG    aiosqlite:core.py:107 operation functools.partial(<built-in method cursor of sqlite3.Connection object at 0x7f80f9d39d50>) completed
DEBUG    aiosqlite:core.py:105 executing functools.partial(<built-in method execute of sqlite3.Cursor object at 0x7f80f9d266c0>, 'SELECT task.id, task.content, task.parent_list_id, task.local_id, task.checked \nFROM task JOIN task_list ON task_list.id = task.parent_list_id \nWHERE task_list.guild_id = ? AND task_list.name = ? AND task.local_id = ?', (0, 'list 1', 0))
DEBUG    aiosqlite:core.py:107 operation functools.partial(<built-in method execute of sqlite3.Cursor object at 0x7f80f9d266c0>, 'SELECT task.id, task.content, task.parent_list_id, task.local_id, task.checked \nFROM task JOIN task_list ON task_list.id = task.parent_list_id \nWHERE task_list.guild_id = ? AND task_list.name = ? AND task.local_id = ?', (0, 'list 1', 0)) completed
DEBUG    aiosqlite:core.py:105 executing functools.partial(<built-in method fetchall of sqlite3.Cursor object at 0x7f80f9d266c0>)
DEBUG    aiosqlite:core.py:107 operation functools.partial(<built-in method fetchall of sqlite3.Cursor object at 0x7f80f9d266c0>) completed
DEBUG    aiosqlite:core.py:105 executing functools.partial(<built-in method close of sqlite3.Cursor object at 0x7f80f9d266c0>)
DEBUG    aiosqlite:core.py:107 operation functools.partial(<built-in method close of sqlite3.Cursor object at 0x7f80f9d266c0>) completed
PASSED                                                                   [ 60%]
------------------------------ live log teardown -------------------------------
DEBUG    aiosqlite:core.py:105 executing functools.partial(<built-in method rollback of sqlite3.Connection object at 0x7f80f9d39d50>)
DEBUG    aiosqlite:core.py:107 operation functools.partial(<built-in method rollback of sqlite3.Connection object at 0x7f80f9d39d50>) completed
DEBUG    aiosqlite:core.py:105 executing functools.partial(<built-in method rollback of sqlite3.Connection object at 0x7f80f9d39d50>)
DEBUG    aiosqlite:core.py:107 operation functools.partial(<built-in method rollback of sqlite3.Connection object at 0x7f80f9d39d50>) completed
DEBUG    asyncio:selector_events.py:54 Using selector: EpollSelector

tests/test_model.py::test_task_pretty_txt 
-------------------------------- live log setup --------------------------------
DEBUG    asyncio:selector_events.py:54 Using selector: EpollSelector
-------------------------------- live log call ---------------------------------
DEBUG    lisette.core.models:models.py:25 new Task(id=None, content='do something', parent_list=..., parent_list_id=None, local_id=None, checked=False)
PASSED                                                                   [ 66%]
------------------------------ live log teardown -------------------------------
DEBUG    asyncio:selector_events.py:54 Using selector: EpollSelector

tests/test_model.py::test_too_long_task_raises 
-------------------------------- live log setup --------------------------------
DEBUG    asyncio:selector_events.py:54 Using selector: EpollSelector
DEBUG    aiosqlite:core.py:105 executing <function connect.<locals>.connector at 0x7f80f91fbce0>
DEBUG    aiosqlite:core.py:107 operation <function connect.<locals>.connector at 0x7f80f91fbce0> completed
DEBUG    aiosqlite:core.py:105 executing functools.partial(<built-in method create_function of sqlite3.Connection object at 0x7f80f9d3b1f0>, 'regexp', 2, <function SQLiteDialect_pysqlite.on_connect.<locals>.regexp at 0x7f80f91f98a0>, deterministic=True)
DEBUG    aiosqlite:core.py:107 operation functools.partial(<built-in method create_function of sqlite3.Connection object at 0x7f80f9d3b1f0>, 'regexp', 2, <function SQLiteDialect_pysqlite.on_connect.<locals>.regexp at 0x7f80f91f98a0>, deterministic=True) completed
DEBUG    aiosqlite:core.py:105 executing functools.partial(<built-in method create_function of sqlite3.Connection object at 0x7f80f9d3b1f0>, 'floor', 1, <built-in function floor>, deterministic=True)
DEBUG    aiosqlite:core.py:107 operation functools.partial(<built-in method create_function of sqlite3.Connection object at 0x7f80f9d3b1f0>, 'floor', 1, <built-in function floor>, deterministic=True) completed
DEBUG    aiosqlite:core.py:105 executing functools.partial(<built-in method cursor of sqlite3.Connection object at 0x7f80f9d3b1f0>)
DEBUG    aiosqlite:core.py:107 operation functools.partial(<built-in method cursor of sqlite3.Connection object at 0x7f80f9d3b1f0>) completed
DEBUG    aiosqlite:core.py:105 executing functools.partial(<built-in method execute of sqlite3.Cursor object at 0x7f80f9c71cc0>, 'PRAGMA read_uncommitted', [])
DEBUG    aiosqlite:core.py:107 operation functools.partial(<built-in method execute of sqlite3.Cursor object at 0x7f80f9c71cc0>, 'PRAGMA read_uncommitted', []) completed
DEBUG    aiosqlite:core.py:105 executing functools.partial(<built-in method fetchall of sqlite3.Cursor object at 0x7f80f9c71cc0>)
DEBUG    aiosqlite:core.py:107 operation functools.partial(<built-in method fetchall of sqlite3.Cursor object at 0x7f80f9c71cc0>) completed
DEBUG    aiosqlite:core.py:105 executing functools.partial(<built-in method close of sqlite3.Cursor object at 0x7f80f9c71cc0>)
DEBUG    aiosqlite:core.py:107 operation functools.partial(<built-in method close of sqlite3.Cursor object at 0x7f80f9c71cc0>) completed
DEBUG    aiosqlite:core.py:105 executing functools.partial(<built-in method rollback of sqlite3.Connection object at 0x7f80f9d3b1f0>)
DEBUG    aiosqlite:core.py:107 operation functools.partial(<built-in method rollback of sqlite3.Connection object at 0x7f80f9d3b1f0>) completed
DEBUG    aiosqlite:core.py:105 executing functools.partial(<built-in method cursor of sqlite3.Connection object at 0x7f80f9d3b1f0>)
DEBUG    aiosqlite:core.py:107 operation functools.partial(<built-in method cursor of sqlite3.Connection object at 0x7f80f9d3b1f0>) completed
DEBUG    aiosqlite:core.py:105 executing functools.partial(<built-in method execute of sqlite3.Cursor object at 0x7f80f91fcfc0>, 'PRAGMA main.table_info("task_list")', ())
DEBUG    aiosqlite:core.py:107 operation functools.partial(<built-in method execute of sqlite3.Cursor object at 0x7f80f91fcfc0>, 'PRAGMA main.table_info("task_list")', ()) completed
DEBUG    aiosqlite:core.py:105 executing functools.partial(<built-in method fetchall of sqlite3.Cursor object at 0x7f80f91fcfc0>)
DEBUG    aiosqlite:core.py:107 operation functools.partial(<built-in method fetchall of sqlite3.Cursor object at 0x7f80f91fcfc0>) completed
DEBUG    aiosqlite:core.py:105 executing functools.partial(<built-in method close of sqlite3.Cursor object at 0x7f80f91fcfc0>)
DEBUG    aiosqlite:core.py:107 operation functools.partial(<built-in method close of sqlite3.Cursor object at 0x7f80f91fcfc0>) completed
DEBUG    aiosqlite:core.py:105 executing functools.partial(<built-in method cursor of sqlite3.Connection object at 0x7f80f9d3b1f0>)
DEBUG    aiosqlite:core.py:107 operation functools.partial(<built-in method cursor of sqlite3.Connection object at 0x7f80f9d3b1f0>) completed
DEBUG    aiosqlite:core.py:105 executing functools.partial(<built-in method execute of sqlite3.Cursor object at 0x7f80f91fc3c0>, 'PRAGMA temp.table_info("task_list")', ())
DEBUG    aiosqlite:core.py:107 operation functools.partial(<built-in method execute of sqlite3.Cursor object at 0x7f80f91fc3c0>, 'PRAGMA temp.table_info("task_list")', ()) completed
DEBUG    aiosqlite:core.py:105 executing functools.partial(<built-in method fetchall of sqlite3.Cursor object at 0x7f80f91fc3c0>)
DEBUG    aiosqlite:core.py:107 operation functools.partial(<built-in method fetchall of sqlite3.Cursor object at 0x7f80f91fc3c0>) completed
DEBUG    aiosqlite:core.py:105 executing functools.partial(<built-in method close of sqlite3.Cursor object at 0x7f80f91fc3c0>)
DEBUG    aiosqlite:core.py:107 operation functools.partial(<built-in method close of sqlite3.Cursor object at 0x7f80f91fc3c0>) completed
DEBUG    aiosqlite:core.py:105 executing functools.partial(<built-in method cursor of sqlite3.Connection object at 0x7f80f9d3b1f0>)
DEBUG    aiosqlite:core.py:107 operation functools.partial(<built-in method cursor of sqlite3.Connection object at 0x7f80f9d3b1f0>) completed
DEBUG    aiosqlite:core.py:105 executing functools.partial(<built-in method execute of sqlite3.Cursor object at 0x7f80f91fd140>, 'PRAGMA main.table_info("task")', ())
DEBUG    aiosqlite:core.py:107 operation functools.partial(<built-in method execute of sqlite3.Cursor object at 0x7f80f91fd140>, 'PRAGMA main.table_info("task")', ()) completed
DEBUG    aiosqlite:core.py:105 executing functools.partial(<built-in method fetchall of sqlite3.Cursor object at 0x7f80f91fd140>)
DEBUG    aiosqlite:core.py:107 operation functools.partial(<built-in method fetchall of sqlite3.Cursor object at 0x7f80f91fd140>) completed
DEBUG    aiosqlite:core.py:105 executing functools.partial(<built-in method close of sqlite3.Cursor object at 0x7f80f91fd140>)
DEBUG    aiosqlite:core.py:107 operation functools.partial(<built-in method close of sqlite3.Cursor object at 0x7f80f91fd140>) completed
DEBUG    aiosqlite:core.py:105 executing functools.partial(<built-in method cursor of sqlite3.Connection object at 0x7f80f9d3b1f0>)
DEBUG    aiosqlite:core.py:107 operation functools.partial(<built-in method cursor of sqlite3.Connection object at 0x7f80f9d3b1f0>) completed
DEBUG    aiosqlite:core.py:105 executing functools.partial(<built-in method execute of sqlite3.Cursor object at 0x7f80f91fc4c0>, 'PRAGMA temp.table_info("task")', ())
DEBUG    aiosqlite:core.py:107 operation functools.partial(<built-in method execute of sqlite3.Cursor object at 0x7f80f91fc4c0>, 'PRAGMA temp.table_info("task")', ()) completed
DEBUG    aiosqlite:core.py:105 executing functools.partial(<built-in method fetchall of sqlite3.Cursor object at 0x7f80f91fc4c0>)
DEBUG    aiosqlite:core.py:107 operation functools.partial(<built-in method fetchall of sqlite3.Cursor object at 0x7f80f91fc4c0>) completed
DEBUG    aiosqlite:core.py:105 executing functools.partial(<built-in method close of sqlite3.Cursor object at 0x7f80f91fc4c0>)
DEBUG    aiosqlite:core.py:107 operation functools.partial(<built-in method close of sqlite3.Cursor object at 0x7f80f91fc4c0>) completed
DEBUG    aiosqlite:core.py:105 executing functools.partial(<built-in method cursor of sqlite3.Connection object at 0x7f80f9d3b1f0>)
DEBUG    aiosqlite:core.py:107 operation functools.partial(<built-in method cursor of sqlite3.Connection object at 0x7f80f9d3b1f0>) completed
DEBUG    aiosqlite:core.py:105 executing functools.partial(<built-in method execute of sqlite3.Cursor object at 0x7f80f9c718c0>, '\nCREATE TABLE task_list (\n\tid INTEGER NOT NULL, \n\tname VARCHAR NOT NULL, \n\tguild_id INTEGER NOT NULL, \n\tmsg_id INTEGER NOT NULL, \n\tPRIMARY KEY (id), \n\tUNIQUE (name, guild_id)\n)\n\n', ())
DEBUG    aiosqlite:core.py:107 operation functools.partial(<built-in method execute of sqlite3.Cursor object at 0x7f80f9c718c0>, '\nCREATE TABLE task_list (\n\tid INTEGER NOT NULL, \n\tname VARCHAR NOT NULL, \n\tguild_id INTEGER NOT NULL, \n\tmsg_id INTEGER NOT NULL, \n\tPRIMARY KEY (id), \n\tUNIQUE (name, guild_id)\n)\n\n', ()) completed
DEBUG    aiosqlite:core.py:105 executing functools.partial(<built-in method close of sqlite3.Cursor object at 0x7f80f9c718c0>)
DEBUG    aiosqlite:core.py:107 operation functools.partial(<built-in method close of sqlite3.Cursor object at 0x7f80f9c718c0>) completed
DEBUG    aiosqlite:core.py:105 executing functools.partial(<built-in method cursor of sqlite3.Connection object at 0x7f80f9d3b1f0>)
DEBUG    aiosqlite:core.py:107 operation functools.partial(<built-in method cursor of sqlite3.Connection object at 0x7f80f9d3b1f0>) completed
DEBUG    aiosqlite:core.py:105 executing functools.partial(<built-in method execute of sqlite3.Cursor object at 0x7f80f9d25d40>, '\nCREATE TABLE task (\n\tid INTEGER NOT NULL, \n\tcontent VARCHAR NOT NULL, \n\tparent_list_id INTEGER, \n\tlocal_id INTEGER, \n\tchecked BOOLEAN NOT NULL, \n\tPRIMARY KEY (id), \n\tFOREIGN KEY(parent_list_id) REFERENCES task_list (id)\n)\n\n', ())
DEBUG    aiosqlite:core.py:107 operation functools.partial(<built-in method execute of sqlite3.Cursor object at 0x7f80f9d25d40>, '\nCREATE TABLE task (\n\tid INTEGER NOT NULL, \n\tcontent VARCHAR NOT NULL, \n\tparent_list_id INTEGER, \n\tlocal_id INTEGER, \n\tchecked BOOLEAN NOT NULL, \n\tPRIMARY KEY (id), \n\tFOREIGN KEY(parent_list_id) REFERENCES task_list (id)\n)\n\n', ()) completed
DEBUG    aiosqlite:core.py:105 executing functools.partial(<built-in method close of sqlite3.Cursor object at 0x7f80f9d25d40>)
DEBUG    aiosqlite:core.py:107 operation functools.partial(<built-in method close of sqlite3.Cursor object at 0x7f80f9d25d40>) completed
DEBUG    aiosqlite:core.py:105 executing functools.partial(<built-in method commit of sqlite3.Connection object at 0x7f80f9d3b1f0>)
DEBUG    aiosqlite:core.py:107 operation functools.partial(<built-in method commit of sqlite3.Connection object at 0x7f80f9d3b1f0>) completed
DEBUG    aiosqlite:core.py:105 executing functools.partial(<built-in method rollback of sqlite3.Connection object at 0x7f80f9d3b1f0>)
DEBUG    aiosqlite:core.py:107 operation functools.partial(<built-in method rollback of sqlite3.Connection object at 0x7f80f9d3b1f0>) completed
DEBUG    lisette.core.models:models.py:25 new TaskList(id=None, name='list 1', guild_id=0, tasks=[], msg_id=0)
DEBUG    lisette.core.models:models.py:25 new Task(id=None, content='do something', parent_list=..., parent_list_id=None, local_id=None, checked=False)
DEBUG    lisette.core.models:logging.py:53 executing <function TaskList.insert at 0x7f80f9e3a660>, args=(TaskList(id=None, name='list 1', guild_id=0, tasks=[], msg_id=0), Task(id=None, content='do something', parent_list=..., parent_list_id=None, local_id=None, checked=False)), kwargs={}
DEBUG    lisette.core.models:models.py:92 inserted Task(id=None, content='do something', parent_list=..., parent_list_id=None, local_id=0, checked=False) into TaskList(id=None, name='list 1', guild_id=0, tasks=[Task(id=None, content='do something', parent_list=..., parent_list_id=None, local_id=0, checked=False)], msg_id=0)
DEBUG    lisette.core.models:logging.py:55 operation <function TaskList.insert at 0x7f80f9e3a660>, args=(TaskList(id=None, name='list 1', guild_id=0, tasks=[], msg_id=0), Task(id=None, content='do something', parent_list=..., parent_list_id=None, local_id=None, checked=False)), kwargs={} completed, returning None
DEBUG    lisette.core.models:models.py:25 new Task(id=None, content='do something else', parent_list=..., parent_list_id=None, local_id=None, checked=False)
DEBUG    lisette.core.models:logging.py:53 executing <function TaskList.insert at 0x7f80f9e3a660>, args=(TaskList(id=None, name='list 1', guild_id=0, tasks=[Task(id=None, content='do something', parent_list=..., parent_list_id=None, local_id=0, checked=False)], msg_id=0), Task(id=None, content='do something else', parent_list=..., parent_list_id=None, local_id=None, checked=False)), kwargs={}
DEBUG    lisette.core.models:models.py:92 inserted Task(id=None, content='do something else', parent_list=..., parent_list_id=None, local_id=1, checked=False) into TaskList(id=None, name='list 1', guild_id=0, tasks=[Task(id=None, content='do something', parent_list=..., parent_list_id=None, local_id=0, checked=False), Task(id=None, content='do something else', parent_list=..., parent_list_id=None, local_id=1, checked=False)], msg_id=0)
DEBUG    lisette.core.models:logging.py:55 operation <function TaskList.insert at 0x7f80f9e3a660>, args=(TaskList(id=None, name='list 1', guild_id=0, tasks=[Task(id=None, content='do something', parent_list=..., parent_list_id=None, local_id=0, checked=False)], msg_id=0), Task(id=None, content='do something else', parent_list=..., parent_list_id=None, local_id=None, checked=False)), kwargs={} completed, returning None
DEBUG    lisette.core.models:models.py:25 new Task(id=None, content='do a third thing', parent_list=..., parent_list_id=None, local_id=None, checked=False)
DEBUG    lisette.core.models:logging.py:53 executing <function TaskList.insert at 0x7f80f9e3a660>, args=(TaskList(id=None, name='list 1', guild_id=0, tasks=[Task(id=None, content='do something', parent_list=..., parent_list_id=None, local_id=0, checked=False), Task(id=None, content='do something else', parent_list=..., parent_list_id=None, local_id=1, checked=False)], msg_id=0), Task(id=None, content='do a third thing', parent_list=..., parent_list_id=None, local_id=None, checked=False)), kwargs={}
DEBUG    lisette.core.models:models.py:92 inserted Task(id=None, content='do a third thing', parent_list=..., parent_list_id=None, local_id=2, checked=False) into TaskList(id=None, name='list 1', guild_id=0, tasks=[Task(id=None, content='do something', parent_list=..., parent_list_id=None, local_id=0, checked=False), Task(id=None, content='do something else', parent_list=..., parent_list_id=None, local_id=1, checked=False), Task(id=None, content='do a third thing', parent_list=..., parent_list_id=None, local_id=2, checked=False)], msg_id=0)
DEBUG    lisette.core.models:logging.py:55 operation <function TaskList.insert at 0x7f80f9e3a660>, args=(TaskList(id=None, name='list 1', guild_id=0, tasks=[Task(id=None, content='do something', parent_list=..., parent_list_id=None, local_id=0, checked=False), Task(id=None, content='do something else', parent_list=..., parent_list_id=None, local_id=1, checked=False)], msg_id=0), Task(id=None, content='do a third thing', parent_list=..., parent_list_id=None, local_id=None, checked=False)), kwargs={} completed, returning None
-------------------------------- live log call ---------------------------------
DEBUG    aiosqlite:core.py:105 executing functools.partial(<built-in method cursor of sqlite3.Connection object at 0x7f80f9d3b1f0>)
DEBUG    aiosqlite:core.py:107 operation functools.partial(<built-in method cursor of sqlite3.Connection object at 0x7f80f9d3b1f0>) completed
DEBUG    aiosqlite:core.py:105 executing functools.partial(<built-in method execute of sqlite3.Cursor object at 0x7f80f9c71940>, 'INSERT INTO task_list (name, guild_id, msg_id) VALUES (?, ?, ?)', ('list 1', 0, 0))
DEBUG    aiosqlite:core.py:107 operation functools.partial(<built-in method execute of sqlite3.Cursor object at 0x7f80f9c71940>, 'INSERT INTO task_list (name, guild_id, msg_id) VALUES (?, ?, ?)', ('list 1', 0, 0)) completed
DEBUG    aiosqlite:core.py:105 executing functools.partial(<built-in method close of sqlite3.Cursor object at 0x7f80f9c71940>)
DEBUG    aiosqlite:core.py:107 operation functools.partial(<built-in method close of sqlite3.Cursor object at 0x7f80f9c71940>) completed
DEBUG    aiosqlite:core.py:105 executing functools.partial(<built-in method cursor of sqlite3.Connection object at 0x7f80f9d3b1f0>)
DEBUG    aiosqlite:core.py:107 operation functools.partial(<built-in method cursor of sqlite3.Connection object at 0x7f80f9d3b1f0>) completed
DEBUG    aiosqlite:core.py:105 executing functools.partial(<built-in method execute of sqlite3.Cursor object at 0x7f80f9cd2040>, 'INSERT INTO task (content, parent_list_id, local_id, checked) VALUES (?, ?, ?, ?) RETURNING id', ('do something', 1, 0, 0))
DEBUG    aiosqlite:core.py:107 operation functools.partial(<built-in method execute of sqlite3.Cursor object at 0x7f80f9cd2040>, 'INSERT INTO task (content, parent_list_id, local_id, checked) VALUES (?, ?, ?, ?) RETURNING id', ('do something', 1, 0, 0)) completed
DEBUG    aiosqlite:core.py:105 executing functools.partial(<built-in method fetchall of sqlite3.Cursor object at 0x7f80f9cd2040>)
DEBUG    aiosqlite:core.py:107 operation functools.partial(<built-in method fetchall of sqlite3.Cursor object at 0x7f80f9cd2040>) completed
DEBUG    aiosqlite:core.py:105 executing functools.partial(<built-in method close of sqlite3.Cursor object at 0x7f80f9cd2040>)
DEBUG    aiosqlite:core.py:107 operation functools.partial(<built-in method close of sqlite3.Cursor object at 0x7f80f9cd2040>) completed
DEBUG    aiosqlite:core.py:105 executing functools.partial(<built-in method cursor of sqlite3.Connection object at 0x7f80f9d3b1f0>)
DEBUG    aiosqlite:core.py:107 operation functools.partial(<built-in method cursor of sqlite3.Connection object at 0x7f80f9d3b1f0>) completed
DEBUG    aiosqlite:core.py:105 executing functools.partial(<built-in method execute of sqlite3.Cursor object at 0x7f80f9d266c0>, 'INSERT INTO task (content, parent_list_id, local_id, checked) VALUES (?, ?, ?, ?) RETURNING id', ('do something else', 1, 1, 0))
DEBUG    aiosqlite:core.py:107 operation functools.partial(<built-in method execute of sqlite3.Cursor object at 0x7f80f9d266c0>, 'INSERT INTO task (content, parent_list_id, local_id, checked) VALUES (?, ?, ?, ?) RETURNING id', ('do something else', 1, 1, 0)) completed
DEBUG    aiosqlite:core.py:105 executing functools.partial(<built-in method fetchall of sqlite3.Cursor object at 0x7f80f9d266c0>)
DEBUG    aiosqlite:core.py:107 operation functools.partial(<built-in method fetchall of sqlite3.Cursor object at 0x7f80f9d266c0>) completed
DEBUG    aiosqlite:core.py:105 executing functools.partial(<built-in method close of sqlite3.Cursor object at 0x7f80f9d266c0>)
DEBUG    aiosqlite:core.py:107 operation functools.partial(<built-in method close of sqlite3.Cursor object at 0x7f80f9d266c0>) completed
DEBUG    aiosqlite:core.py:105 executing functools.partial(<built-in method cursor of sqlite3.Connection object at 0x7f80f9d3b1f0>)
DEBUG    aiosqlite:core.py:107 operation functools.partial(<built-in method cursor of sqlite3.Connection object at 0x7f80f9d3b1f0>) completed
DEBUG    aiosqlite:core.py:105 executing functools.partial(<built-in method execute of sqlite3.Cursor object at 0x7f80f91fd9c0>, 'INSERT INTO task (content, parent_list_id, local_id, checked) VALUES (?, ?, ?, ?) RETURNING id', ('do a third thing', 1, 2, 0))
DEBUG    aiosqlite:core.py:107 operation functools.partial(<built-in method execute of sqlite3.Cursor object at 0x7f80f91fd9c0>, 'INSERT INTO task (content, parent_list_id, local_id, checked) VALUES (?, ?, ?, ?) RETURNING id', ('do a third thing', 1, 2, 0)) completed
DEBUG    aiosqlite:core.py:105 executing functools.partial(<built-in method fetchall of sqlite3.Cursor object at 0x7f80f91fd9c0>)
DEBUG    aiosqlite:core.py:107 operation functools.partial(<built-in method fetchall of sqlite3.Cursor object at 0x7f80f91fd9c0>) completed
DEBUG    aiosqlite:core.py:105 executing functools.partial(<built-in method close of sqlite3.Cursor object at 0x7f80f91fd9c0>)
DEBUG    aiosqlite:core.py:107 operation functools.partial(<built-in method close of sqlite3.Cursor object at 0x7f80f91fd9c0>) completed
DEBUG    aiosqlite:core.py:105 executing functools.partial(<built-in method commit of sqlite3.Connection object at 0x7f80f9d3b1f0>)
DEBUG    aiosqlite:core.py:107 operation functools.partial(<built-in method commit of sqlite3.Connection object at 0x7f80f9d3b1f0>) completed
DEBUG    aiosqlite:core.py:105 executing functools.partial(<built-in method rollback of sqlite3.Connection object at 0x7f80f9d3b1f0>)
DEBUG    aiosqlite:core.py:107 operation functools.partial(<built-in method rollback of sqlite3.Connection object at 0x7f80f9d3b1f0>) completed
DEBUG    aiosqlite:core.py:105 executing functools.partial(<built-in method cursor of sqlite3.Connection object at 0x7f80f9d3b1f0>)
DEBUG    aiosqlite:core.py:107 operation functools.partial(<built-in method cursor of sqlite3.Connection object at 0x7f80f9d3b1f0>) completed
DEBUG    aiosqlite:core.py:105 executing functools.partial(<built-in method execute of sqlite3.Cursor object at 0x7f80f9d263c0>, 'SELECT task_list.id, task_list.name, task_list.guild_id, task_list.msg_id \nFROM task_list \nWHERE task_list.guild_id = ? AND task_list.name = ?', (0, 'list 1'))
DEBUG    aiosqlite:core.py:107 operation functools.partial(<built-in method execute of sqlite3.Cursor object at 0x7f80f9d263c0>, 'SELECT task_list.id, task_list.name, task_list.guild_id, task_list.msg_id \nFROM task_list \nWHERE task_list.guild_id = ? AND task_list.name = ?', (0, 'list 1')) completed
DEBUG    aiosqlite:core.py:105 executing functools.partial(<built-in method fetchall of sqlite3.Cursor object at 0x7f80f9d263c0>)
DEBUG    aiosqlite:core.py:107 operation functools.partial(<built-in method fetchall of sqlite3.Cursor object at 0x7f80f9d263c0>) completed
DEBUG    aiosqlite:core.py:105 executing functools.partial(<built-in method close of sqlite3.Cursor object at 0x7f80f9d263c0>)
DEBUG    aiosqlite:core.py:107 operation functools.partial(<built-in method close of sqlite3.Cursor object at 0x7f80f9d263c0>) completed
DEBUG    aiosqlite:core.py:105 executing functools.partial(<built-in method cursor of sqlite3.Connection object at 0x7f80f9d3b1f0>)
DEBUG    aiosqlite:core.py:107 operation functools.partial(<built-in method cursor of sqlite3.Connection object at 0x7f80f9d3b1f0>) completed
DEBUG    aiosqlite:core.py:105 executing functools.partial(<built-in method execute of sqlite3.Cursor object at 0x7f80f91fd1c0>, 'SELECT task.parent_list_id AS task_parent_list_id, task.id AS task_id, task.content AS task_content, task.local_id AS task_local_id, task.checked AS task_checked \nFROM task \nWHERE task.parent_list_id IN (?)', (1,))
DEBUG    aiosqlite:core.py:107 operation functools.partial(<built-in method execute of sqlite3.Cursor object at 0x7f80f91fd1c0>, 'SELECT task.parent_list_id AS task_parent_list_id, task.id AS task_id, task.content AS task_content, task.local_id AS task_local_id, task.checked AS task_checked \nFROM task \nWHERE task.parent_list_id IN (?)', (1,)) completed
DEBUG    aiosqlite:core.py:105 executing functools.partial(<built-in method fetchall of sqlite3.Cursor object at 0x7f80f91fd1c0>)
DEBUG    aiosqlite:core.py:107 operation functools.partial(<built-in method fetchall of sqlite3.Cursor object at 0x7f80f91fd1c0>) completed
DEBUG    aiosqlite:core.py:105 executing functools.partial(<built-in method close of sqlite3.Cursor object at 0x7f80f91fd1c0>)
DEBUG    aiosqlite:core.py:107 operation functools.partial(<built-in method close of sqlite3.Cursor object at 0x7f80f91fd1c0>) completed
DEBUG    lisette.core.models:models.py:25 new Task(id=None, content='hihihihihihihihihihihihihihihihihihihihihihihihihihihihihihihihihihihihihihihihihihihihihihihihihihihihihihihihihihihihihihihihihihihihihihihihihihihihihihihihihihihihihihihihihihihihihihihihihihihihihihihihihihihihihihihihihihihihihihihihihihihihihihihihihihihihihihihihihihihihihihihihihihihihihihihihihihihihihihihihihihihihihihihihihihihihihihihihihihihihihihihihihihihihihihihihihihihihihihihihihihihihihihihihihihihihihihihihihihihihihihihihihihihihihihihihihihihihihihihihihihihihihihihihihihihihihihihihihihihihihihihihihihihihihihihihihihihihihihihihihihihihihihihihihihihihihihihihihihihihihihihihihihihihihihihihihihihihihihihihihihihihihihihihihihihihihihihihihihihihihihihihihihihihihihihihihihihihihihihihihihihihihihihihihihihihihihihihihihihihihihihihihihihihihihihihihihihihihihihihihihihihihihihihihihihihihihihihihihihihihihihihihihihihihihihihihihihihihihihihihihihihihihihihihihihihihihihihihihihihihihihihihihihihihihihihihihihihihihihihihihihihihihihihihihihihihihihihihihihihihihihihihihihihihihihihihihihihihihihihihihihihihihihihihihihihihihihihihihihihihihihihihihihihihihihihihihihihihihihihihihihihihihihihihihihihihihihihihihihihihihihihihihihihihihihihihihihihihihihihihihihihihihihihihihihihihihihihihihihihihihihihihihihihihihihihihihihihihihihihihihihihihihihihihihihihihihihihihihihihihihihihihihihihihihihihihihihihihihihihihihihihihihihihihihihihihihihihihihihihihihihihihihihihihihihihihihihihihihihihihihihihihihihihihihihihihihihihihihihihihihihihihihihihihihihihihihihihihihihihihihihihihihihihihihihihihihihihihihihihihihihihihihihihihihihihihihihihihihihihihihihihihihihihihihihihihihihihihihihihihihihihihihihihihihihihihihihihihihihihihihihihihihihihihihihihihihihihihihihihihihihihihihihihihihihihihihihihihihihihihihihihihihihihihihihihihihihihihihihihihihihihihihihihihihihihihihihihihihihihihihihihihihihihihihihihihihihihihihihihihihihihihihihihihihihihihihihihihihihihihihihihihihihihihihihihihihihihihihihihihihihihihihihihihihihihihihihihihihihihihihihihihihihihihihihihihihihihihihihihihihihihihihihihihihihihihihihihihihihihihihihihihihihihihihihihihihihihihihihihihihihihihihihihihihihihihihihihihihihihihihihihihihihihihihihihihihihihihihihihihihihihihihihihihihihihihihihihihihihihihihihihihihihihihihihihihihihihihihihihihihihihihihihihihihihihihihihihihihihihihihihihihihihihihihihihihihihihihihihihihihihihihihihihihihihihihihihihihihihihihihihihihihihihihihihihihihihihihihihihihihihihihihihihihihihihihihihihihihihihihihihihihihihihihihihihihihihihihihihihihihihihihihihihihihihihihihihihihihihihihihihihihihihihihihihihihihihihihihihihihihihihihihihihihihihihihihihihihihihihihihihihihihihihihihihihihihihihihihihihihihihihihihihihihihihihihihihihihihihihihihihihihihihihihihihihihihihihihihihihihihihihihihihihihihihihihihihihihihihihihihihihihihihihihihihihihihihihihihihihihihihihihihihihihihihihihihihihihihihihihihihihihihihihihihihihihihihihihihihihihihihihihihihihihihihihihihihihihihihihihihihihihihihihihihihihihihihihihihihihihihihihihihihihihihihihihihihihihihihihihihihihihihihihihihihihihihihihihihihihihihihihihihihihihihihihihihihihihihihihihihihihihihihihihihihihihihihihihihihihihihihihihihihihihihihihihihihihihihihihihihihihihihihihihihihihihihihihihihihihihihihihihihihihihihihihihihihihihihihihihihihihihihihihihihihihihihihihihihihihihihihihihihihihihihihihihihihihihihihihihihihihihihihihihihihihihihihihihihihihihihihihihihihihihihihihihihihihihihihihihihihihihihihihihihihihihihihihihihihihihihihihihihihihihihihihihihihihihihihihihihihihihihihihihihihihihihihihihihihihihihihihihihihihihihihihihihihihihihihihihihihihihihihihihihihihihihihihihihihihihihihihihihihihihihihihihihihihihihihihihihihihihihihihihihihihihihihihihihihihihihihihihihihihihihihihihihihihihihihihihihihihihihihihihihihihihihihihihihihihihihihihihihihihihihihihihihihihihihihihihihihihihihihihihihihihihihihihihihihihihihihihihihihihihihihihihihihihihihihihihihihihihihihihihihihihihihihihihihihihihihihihihihihihihihihihihihihihihihihihihihihihihihihihihihihihihihihihihihihihihihihihihihihihihihihihihihihihihihihihihihihihihihihihihihihihihihihihihihihihihihihihihihihihihihihihihihihihihihihihihihihihihihihihihihihihihihihihihihihihihihihihihihihihihihihihihihihihihihihihihihihihihihihihihihihihihihihihihihihihihihihihihihihihihihihihihihihihihihihihihihihihihihihihihihihihihihihihihihihihihihihihihihihihihihihihihihihihihihihihihihihihihihihihihihihihihihihihihihihihihihihihihihihihihihihihihihihihihihihihihihihihihihihihihihihihihihihihihihihihihihihihihihihihihihihihihihihihihihihihihihihihihihihihihihihihihihihihihihihihihihihihihihihihihihihihihihihihihihihihihihihihihihihihihihihihihihihihihihihihihihihihihihihihihihihihihihihihihihihihihihihihihihihihihihihihihihihihihihihihihihihihihihihihihihihihihihihihihihihihihihihihihihihihihihihihihihihihihihihihihihihihihihihihihihihihihihihihihihihihihihihihihihihihihihihihihihihihihihihihihihihihihihihihihihihihihihihihihihihihihihihihihihihihihihihihihihihihihihihihihihihihihihihihihihihihihihihihihihihihihihihihihihihihihihihihihihihihihihihihihihihihihihihihihihihihihihihihihihihihihihihihihihihihihihihihihihihihihihihihihihihihihihihihihihihihihihihihihihihihihihihihihihihihihihihihihihihihihihihihihihihihihihihihihihihihihihihihihihihihihihihihihihihihihihihihihihihihihihihihihihihihihihihihihihihihihihihihihihihihihihihihihihihihihihihihihihihihihihihihihihihihihihihihihihihihihihihihihihihihihihihihihihihihihihihihihihihihihihihihihihihihihihihihihihihihihihihihihihihihihihihihihihihihihihihihihihihihihihihihihihihihihihihihihihihihihihihihihihihihihihihihihihihihihihihihihihihihihihihihihihihihihihihihihihihihihihihihihihihihihihihihihihihihihihihihihihihihihihihihihihihihihihihihihihihihihihihihihihihihihihihihihihihihihihihihihihihihihihihihihihihihihihihihihihihihihihihihihihihihihihihihihihihihihihihihihihihihihihihihihihihihihihihihihihihihihihihihihihihihihihihihihihihihihihihihihihihihihihihihihihihihihihihihihihihihihihihihihihihihi', parent_list=..., parent_list_id=None, local_id=None, checked=False)
DEBUG    lisette.core.models:logging.py:53 executing <function TaskList.insert at 0x7f80f9e3a660>, args=(TaskList(id=1, name='list 1', guild_id=0, tasks=[Task(id=1, content='do something', parent_list=..., parent_list_id=1, local_id=0, checked=False), Task(id=2, content='do something else', parent_list=..., parent_list_id=1, local_id=1, checked=False), Task(id=3, content='do a third thing', parent_list=..., parent_list_id=1, local_id=2, checked=False)], msg_id=0), <sqlalchemy.ext.asyncio.session.AsyncSession object at 0x7f80f9cba910>, Task(id=None, content='hihihihihihihihihihihihihihihihihihihihihihihihihihihihihihihihihihihihihihihihihihihihihihihihihihihihihihihihihihihihihihihihihihihihihihihihihihihihihihihihihihihihihihihihihihihihihihihihihihihihihihihihihihihihihihihihihihihihihihihihihihihihihihihihihihihihihihihihihihihihihihihihihihihihihihihihihihihihihihihihihihihihihihihihihihihihihihihihihihihihihihihihihihihihihihihihihihihihihihihihihihihihihihihihihihihihihihihihihihihihihihihihihihihihihihihihihihihihihihihihihihihihihihihihihihihihihihihihihihihihihihihihihihihihihihihihihihihihihihihihihihihihihihihihihihihihihihihihihihihihihihihihihihihihihihihihihihihihihihihihihihihihihihihihihihihihihihihihihihihihihihihihihihihihihihihihihihihihihihihihihihihihihihihihihihihihihihihihihihihihihihihihihihihihihihihihihihihihihihihihihihihihihihihihihihihihihihihihihihihihihihihihihihihihihihihihihihihihihihihihihihihihihihihihihihihihihihihihihihihihihihihihihihihihihihihihihihihihihihihihihihihihihihihihihihihihihihihihihihihihihihihihihihihihihihihihihihihihihihihihihihihihihihihihihihihihihihihihihihihihihihihihihihihihihihihihihihihihihihihihihihihihihihihihihihihihihihihihihihihihihihihihihihihihihihihihihihihihihihihihihihihihihihihihihihihihihihihihihihihihihihihihihihihihihihihihihihihihihihihihihihihihihihihihihihihihihihihihihihihihihihihihihihihihihihihihihihihihihihihihihihihihihihihihihihihihihihihihihihihihihihihihihihihihihihihihihihihihihihihihihihihihihihihihihihihihihihihihihihihihihihihihihihihihihihihihihihihihihihihihihihihihihihihihihihihihihihihihihihihihihihihihihihihihihihihihihihihihihihihihihihihihihihihihihihihihihihihihihihihihihihihihihihihihihihihihihihihihihihihihihihihihihihihihihihihihihihihihihihihihihihihihihihihihihihihihihihihihihihihihihihihihihihihihihihihihihihihihihihihihihihihihihihihihihihihihihihihihihihihihihihihihihihihihihihihihihihihihihihihihihihihihihihihihihihihihihihihihihihihihihihihihihihihihihihihihihihihihihihihihihihihihihihihihihihihihihihihihihihihihihihihihihihihihihihihihihihihihihihihihihihihihihihihihihihihihihihihihihihihihihihihihihihihihihihihihihihihihihihihihihihihihihihihihihihihihihihihihihihihihihihihihihihihihihihihihihihihihihihihihihihihihihihihihihihihihihihihihihihihihihihihihihihihihihihihihihihihihihihihihihihihihihihihihihihihihihihihihihihihihihihihihihihihihihihihihihihihihihihihihihihihihihihihihihihihihihihihihihihihihihihihihihihihihihihihihihihihihihihihihihihihihihihihihihihihihihihihihihihihihihihihihihihihihihihihihihihihihihihihihihihihihihihihihihihihihihihihihihihihihihihihihihihihihihihihihihihihihihihihihihihihihihihihihihihihihihihihihihihihihihihihihihihihihihihihihihihihihihihihihihihihihihihihihihihihihihihihihihihihihihihihihihihihihihihihihihihihihihihihihihihihihihihihihihihihihihihihihihihihihihihihihihihihihihihihihihihihihihihihihihihihihihihihihihihihihihihihihihihihihihihihihihihihihihihihihihihihihihihihihihihihihihihihihihihihihihihihihihihihihihihihihihihihihihihihihihihihihihihihihihihihihihihihihihihihihihihihihihihihihihihihihihihihihihihihihihihihihihihihihihihihihihihihihihihihihihihihihihihihihihihihihihihihihihihihihihihihihihihihihihihihihihihihihihihihihihihihihihihihihihihihihihihihihihihihihihihihihihihihihihihihihihihihihihihihihihihihihihihihihihihihihihihihihihihihihihihihihihihihihihihihihihihihihihihihihihihihihihihihihihihihihihihihihihihihihihihihihihihihihihihihihihihihihihihihihihihihihihihihihihihihihihihihihihihihihihihihihihihihihihihihihihihihihihihihihihihihihihihihihihihihihihihihihihihihihihihihihihihihihihihihihihihihihihihihihihihihihihihihihihihihihihihihihihihihihihihihihihihihihihihihihihihihihihihihihihihihihihihihihihihihihihihihihihihihihihihihihihihihihihihihihihihihihihihihihihihihihihihihihihihihihihihihihihihihihihihihihihihihihihihihihihihihihihihihihihihihihihihihihihihihihihihihihihihihihihihihihihihihihihihihihihihihihihihihihihihihihihihihihihihihihihihihihihihihihihihihihihihihihihihihihihihihihihihihihihihihihihihihihihihihihihihihihihihihihihihihihihihihihihihihihihihihihihihihihihihihihihihihihihihihihihihihihihihihihihihihihihihihihihihihihihihihihihihihihihihihihihihihihihihihihihihihihihihihihihihihihihihihihihihihihihihihihihihihihihihihihihihihihihihihihihihihihihihihihihihihihihihihihihihihihihihihihihihihihihihihihihihihihihihihihihihihihihihihihihihihihihihihihihihihihihihihihihihihihihihihihihihihihihihihihihihihihihihihihihihihihihihihihihihihihihihihihihihihihihihihihihihihihihihihihihihihihihihihihihihihihihihihihihihihihihihihihihihihihihihihihihihihihihihihihihihihihihihihihihihihihihihihihihihihihihihihihihihihihihihihihihihihihihihihihihihihihihihihihihihihihihihihihihihihihihihihihihihihihihihihihihihihihihihihihihihihihihihihihihihihihihihihihihihihihihihihihihihihihihihihihihihihihihihihihihihihihihihihihihihihihihihihihihihihihihihihihihihihihihihihihihihihihihihihihihihihihihihihihihihihihihihihihihihihihihihihihihihihihihihihihihihihihihihihihihihihihihihihihihihihihihihihihihihihihihihihihihihihihihihihihihihihihihihihihihihihihihihihihihihihihihihihihihihihihihihihihihihihihihihihihihihihihihihihihihihihihihihihihihihihihihihihihihihihihihihihihihihihihihihihihihihihihihihihihihihihihihihihihihihihihihihihihihihihihihihihihihihihihihihihihihihihihihihihihihihihihihihihihihihihihihihihihihihihihihihihihihihihihihihihihihihihihihihihihihihihihihihihihihihihihihihihihihihihihihihihihihihihihihihihihihihihihihihihihihihihihihihihihihihihihihihihihihihihihihihihihihihihihihihihihihihihihihihihihihihihihihihihihihihihihihihihihihihihihihihihihihihihihihihihihihihihihihihihihihihihihihihihihihihihihihihihihihihihihihihihihihihihihihihihihihihihihihihihihihihihihihihihihihihihihihihihihihihihihihihihihihihihihihihihihihihihihihihihihihihihihihihihihihihihihihihihihihihihihihihihihihihihihihihihihihihihihihihihihihihihihihihihihihihihihihihihihihihihihihihihihihihihihihihihihihihihihihihihihihihihihihihihihihihihihihihihihihihihihihihihihihihihihihihihihihihihihi', parent_list=..., parent_list_id=None, local_id=None, checked=False)), kwargs={}
DEBUG    aiosqlite:core.py:105 executing functools.partial(<built-in method rollback of sqlite3.Connection object at 0x7f80f9d3b1f0>)
DEBUG    aiosqlite:core.py:107 operation functools.partial(<built-in method rollback of sqlite3.Connection object at 0x7f80f9d3b1f0>) completed
DEBUG    aiosqlite:core.py:105 executing functools.partial(<built-in method rollback of sqlite3.Connection object at 0x7f80f9d3b1f0>)
DEBUG    aiosqlite:core.py:107 operation functools.partial(<built-in method rollback of sqlite3.Connection object at 0x7f80f9d3b1f0>) completed
PASSED                                                                   [ 73%]
------------------------------ live log teardown -------------------------------
DEBUG    asyncio:selector_events.py:54 Using selector: EpollSelector

tests/test_model.py::test_delete_task 
-------------------------------- live log setup --------------------------------
DEBUG    asyncio:selector_events.py:54 Using selector: EpollSelector
DEBUG    aiosqlite:core.py:105 executing <function connect.<locals>.connector at 0x7f80f91fb4c0>
DEBUG    aiosqlite:core.py:107 operation <function connect.<locals>.connector at 0x7f80f91fb4c0> completed
DEBUG    aiosqlite:core.py:105 executing functools.partial(<built-in method create_function of sqlite3.Connection object at 0x7f80f9d3b5b0>, 'regexp', 2, <function SQLiteDialect_pysqlite.on_connect.<locals>.regexp at 0x7f80f9d2dd00>, deterministic=True)
DEBUG    aiosqlite:core.py:107 operation functools.partial(<built-in method create_function of sqlite3.Connection object at 0x7f80f9d3b5b0>, 'regexp', 2, <function SQLiteDialect_pysqlite.on_connect.<locals>.regexp at 0x7f80f9d2dd00>, deterministic=True) completed
DEBUG    aiosqlite:core.py:105 executing functools.partial(<built-in method create_function of sqlite3.Connection object at 0x7f80f9d3b5b0>, 'floor', 1, <built-in function floor>, deterministic=True)
DEBUG    aiosqlite:core.py:107 operation functools.partial(<built-in method create_function of sqlite3.Connection object at 0x7f80f9d3b5b0>, 'floor', 1, <built-in function floor>, deterministic=True) completed
DEBUG    aiosqlite:core.py:105 executing functools.partial(<built-in method cursor of sqlite3.Connection object at 0x7f80f9d3b5b0>)
DEBUG    aiosqlite:core.py:107 operation functools.partial(<built-in method cursor of sqlite3.Connection object at 0x7f80f9d3b5b0>) completed
DEBUG    aiosqlite:core.py:105 executing functools.partial(<built-in method execute of sqlite3.Cursor object at 0x7f80f9d27340>, 'PRAGMA read_uncommitted', [])
DEBUG    aiosqlite:core.py:107 operation functools.partial(<built-in method execute of sqlite3.Cursor object at 0x7f80f9d27340>, 'PRAGMA read_uncommitted', []) completed
DEBUG    aiosqlite:core.py:105 executing functools.partial(<built-in method fetchall of sqlite3.Cursor object at 0x7f80f9d27340>)
DEBUG    aiosqlite:core.py:107 operation functools.partial(<built-in method fetchall of sqlite3.Cursor object at 0x7f80f9d27340>) completed
DEBUG    aiosqlite:core.py:105 executing functools.partial(<built-in method close of sqlite3.Cursor object at 0x7f80f9d27340>)
DEBUG    aiosqlite:core.py:107 operation functools.partial(<built-in method close of sqlite3.Cursor object at 0x7f80f9d27340>) completed
DEBUG    aiosqlite:core.py:105 executing functools.partial(<built-in method rollback of sqlite3.Connection object at 0x7f80f9d3b5b0>)
DEBUG    aiosqlite:core.py:107 operation functools.partial(<built-in method rollback of sqlite3.Connection object at 0x7f80f9d3b5b0>) completed
DEBUG    aiosqlite:core.py:105 executing functools.partial(<built-in method cursor of sqlite3.Connection object at 0x7f80f9d3b5b0>)
DEBUG    aiosqlite:core.py:107 operation functools.partial(<built-in method cursor of sqlite3.Connection object at 0x7f80f9d3b5b0>) completed
DEBUG    aiosqlite:core.py:105 executing functools.partial(<built-in method execute of sqlite3.Cursor object at 0x7f80f9cd1dc0>, 'PRAGMA main.table_info("task_list")', ())
DEBUG    aiosqlite:core.py:107 operation functools.partial(<built-in method execute of sqlite3.Cursor object at 0x7f80f9cd1dc0>, 'PRAGMA main.table_info("task_list")', ()) completed
DEBUG    aiosqlite:core.py:105 executing functools.partial(<built-in method fetchall of sqlite3.Cursor object at 0x7f80f9cd1dc0>)
DEBUG    aiosqlite:core.py:107 operation functools.partial(<built-in method fetchall of sqlite3.Cursor object at 0x7f80f9cd1dc0>) completed
DEBUG    aiosqlite:core.py:105 executing functools.partial(<built-in method close of sqlite3.Cursor object at 0x7f80f9cd1dc0>)
DEBUG    aiosqlite:core.py:107 operation functools.partial(<built-in method close of sqlite3.Cursor object at 0x7f80f9cd1dc0>) completed
DEBUG    aiosqlite:core.py:105 executing functools.partial(<built-in method cursor of sqlite3.Connection object at 0x7f80f9d3b5b0>)
DEBUG    aiosqlite:core.py:107 operation functools.partial(<built-in method cursor of sqlite3.Connection object at 0x7f80f9d3b5b0>) completed
DEBUG    aiosqlite:core.py:105 executing functools.partial(<built-in method execute of sqlite3.Cursor object at 0x7f80f9cd3940>, 'PRAGMA temp.table_info("task_list")', ())
DEBUG    aiosqlite:core.py:107 operation functools.partial(<built-in method execute of sqlite3.Cursor object at 0x7f80f9cd3940>, 'PRAGMA temp.table_info("task_list")', ()) completed
DEBUG    aiosqlite:core.py:105 executing functools.partial(<built-in method fetchall of sqlite3.Cursor object at 0x7f80f9cd3940>)
DEBUG    aiosqlite:core.py:107 operation functools.partial(<built-in method fetchall of sqlite3.Cursor object at 0x7f80f9cd3940>) completed
DEBUG    aiosqlite:core.py:105 executing functools.partial(<built-in method close of sqlite3.Cursor object at 0x7f80f9cd3940>)
DEBUG    aiosqlite:core.py:107 operation functools.partial(<built-in method close of sqlite3.Cursor object at 0x7f80f9cd3940>) completed
DEBUG    aiosqlite:core.py:105 executing functools.partial(<built-in method cursor of sqlite3.Connection object at 0x7f80f9d3b5b0>)
DEBUG    aiosqlite:core.py:107 operation functools.partial(<built-in method cursor of sqlite3.Connection object at 0x7f80f9d3b5b0>) completed
DEBUG    aiosqlite:core.py:105 executing functools.partial(<built-in method execute of sqlite3.Cursor object at 0x7f80f9cd12c0>, 'PRAGMA main.table_info("task")', ())
DEBUG    aiosqlite:core.py:107 operation functools.partial(<built-in method execute of sqlite3.Cursor object at 0x7f80f9cd12c0>, 'PRAGMA main.table_info("task")', ()) completed
DEBUG    aiosqlite:core.py:105 executing functools.partial(<built-in method fetchall of sqlite3.Cursor object at 0x7f80f9cd12c0>)
DEBUG    aiosqlite:core.py:107 operation functools.partial(<built-in method fetchall of sqlite3.Cursor object at 0x7f80f9cd12c0>) completed
DEBUG    aiosqlite:core.py:105 executing functools.partial(<built-in method close of sqlite3.Cursor object at 0x7f80f9cd12c0>)
DEBUG    aiosqlite:core.py:107 operation functools.partial(<built-in method close of sqlite3.Cursor object at 0x7f80f9cd12c0>) completed
DEBUG    aiosqlite:core.py:105 executing functools.partial(<built-in method cursor of sqlite3.Connection object at 0x7f80f9d3b5b0>)
DEBUG    aiosqlite:core.py:107 operation functools.partial(<built-in method cursor of sqlite3.Connection object at 0x7f80f9d3b5b0>) completed
DEBUG    aiosqlite:core.py:105 executing functools.partial(<built-in method execute of sqlite3.Cursor object at 0x7f80f9cd1740>, 'PRAGMA temp.table_info("task")', ())
DEBUG    aiosqlite:core.py:107 operation functools.partial(<built-in method execute of sqlite3.Cursor object at 0x7f80f9cd1740>, 'PRAGMA temp.table_info("task")', ()) completed
DEBUG    aiosqlite:core.py:105 executing functools.partial(<built-in method fetchall of sqlite3.Cursor object at 0x7f80f9cd1740>)
DEBUG    aiosqlite:core.py:107 operation functools.partial(<built-in method fetchall of sqlite3.Cursor object at 0x7f80f9cd1740>) completed
DEBUG    aiosqlite:core.py:105 executing functools.partial(<built-in method close of sqlite3.Cursor object at 0x7f80f9cd1740>)
DEBUG    aiosqlite:core.py:107 operation functools.partial(<built-in method close of sqlite3.Cursor object at 0x7f80f9cd1740>) completed
DEBUG    aiosqlite:core.py:105 executing functools.partial(<built-in method cursor of sqlite3.Connection object at 0x7f80f9d3b5b0>)
DEBUG    aiosqlite:core.py:107 operation functools.partial(<built-in method cursor of sqlite3.Connection object at 0x7f80f9d3b5b0>) completed
DEBUG    aiosqlite:core.py:105 executing functools.partial(<built-in method execute of sqlite3.Cursor object at 0x7f80f9c71cc0>, '\nCREATE TABLE task_list (\n\tid INTEGER NOT NULL, \n\tname VARCHAR NOT NULL, \n\tguild_id INTEGER NOT NULL, \n\tmsg_id INTEGER NOT NULL, \n\tPRIMARY KEY (id), \n\tUNIQUE (name, guild_id)\n)\n\n', ())
DEBUG    aiosqlite:core.py:107 operation functools.partial(<built-in method execute of sqlite3.Cursor object at 0x7f80f9c71cc0>, '\nCREATE TABLE task_list (\n\tid INTEGER NOT NULL, \n\tname VARCHAR NOT NULL, \n\tguild_id INTEGER NOT NULL, \n\tmsg_id INTEGER NOT NULL, \n\tPRIMARY KEY (id), \n\tUNIQUE (name, guild_id)\n)\n\n', ()) completed
DEBUG    aiosqlite:core.py:105 executing functools.partial(<built-in method close of sqlite3.Cursor object at 0x7f80f9c71cc0>)
DEBUG    aiosqlite:core.py:107 operation functools.partial(<built-in method close of sqlite3.Cursor object at 0x7f80f9c71cc0>) completed
DEBUG    aiosqlite:core.py:105 executing functools.partial(<built-in method cursor of sqlite3.Connection object at 0x7f80f9d3b5b0>)
DEBUG    aiosqlite:core.py:107 operation functools.partial(<built-in method cursor of sqlite3.Connection object at 0x7f80f9d3b5b0>) completed
DEBUG    aiosqlite:core.py:105 executing functools.partial(<built-in method execute of sqlite3.Cursor object at 0x7f80f9d25640>, '\nCREATE TABLE task (\n\tid INTEGER NOT NULL, \n\tcontent VARCHAR NOT NULL, \n\tparent_list_id INTEGER, \n\tlocal_id INTEGER, \n\tchecked BOOLEAN NOT NULL, \n\tPRIMARY KEY (id), \n\tFOREIGN KEY(parent_list_id) REFERENCES task_list (id)\n)\n\n', ())
DEBUG    aiosqlite:core.py:107 operation functools.partial(<built-in method execute of sqlite3.Cursor object at 0x7f80f9d25640>, '\nCREATE TABLE task (\n\tid INTEGER NOT NULL, \n\tcontent VARCHAR NOT NULL, \n\tparent_list_id INTEGER, \n\tlocal_id INTEGER, \n\tchecked BOOLEAN NOT NULL, \n\tPRIMARY KEY (id), \n\tFOREIGN KEY(parent_list_id) REFERENCES task_list (id)\n)\n\n', ()) completed
DEBUG    aiosqlite:core.py:105 executing functools.partial(<built-in method close of sqlite3.Cursor object at 0x7f80f9d25640>)
DEBUG    aiosqlite:core.py:107 operation functools.partial(<built-in method close of sqlite3.Cursor object at 0x7f80f9d25640>) completed
DEBUG    aiosqlite:core.py:105 executing functools.partial(<built-in method commit of sqlite3.Connection object at 0x7f80f9d3b5b0>)
DEBUG    aiosqlite:core.py:107 operation functools.partial(<built-in method commit of sqlite3.Connection object at 0x7f80f9d3b5b0>) completed
DEBUG    aiosqlite:core.py:105 executing functools.partial(<built-in method rollback of sqlite3.Connection object at 0x7f80f9d3b5b0>)
DEBUG    aiosqlite:core.py:107 operation functools.partial(<built-in method rollback of sqlite3.Connection object at 0x7f80f9d3b5b0>) completed
DEBUG    lisette.core.models:models.py:25 new TaskList(id=None, name='list 1', guild_id=0, tasks=[], msg_id=0)
DEBUG    lisette.core.models:models.py:25 new Task(id=None, content='do something', parent_list=..., parent_list_id=None, local_id=None, checked=False)
DEBUG    lisette.core.models:logging.py:53 executing <function TaskList.insert at 0x7f80f9e3a660>, args=(TaskList(id=None, name='list 1', guild_id=0, tasks=[], msg_id=0), Task(id=None, content='do something', parent_list=..., parent_list_id=None, local_id=None, checked=False)), kwargs={}
DEBUG    lisette.core.models:models.py:92 inserted Task(id=None, content='do something', parent_list=..., parent_list_id=None, local_id=0, checked=False) into TaskList(id=None, name='list 1', guild_id=0, tasks=[Task(id=None, content='do something', parent_list=..., parent_list_id=None, local_id=0, checked=False)], msg_id=0)
DEBUG    lisette.core.models:logging.py:55 operation <function TaskList.insert at 0x7f80f9e3a660>, args=(TaskList(id=None, name='list 1', guild_id=0, tasks=[], msg_id=0), Task(id=None, content='do something', parent_list=..., parent_list_id=None, local_id=None, checked=False)), kwargs={} completed, returning None
DEBUG    lisette.core.models:models.py:25 new Task(id=None, content='do something else', parent_list=..., parent_list_id=None, local_id=None, checked=False)
DEBUG    lisette.core.models:logging.py:53 executing <function TaskList.insert at 0x7f80f9e3a660>, args=(TaskList(id=None, name='list 1', guild_id=0, tasks=[Task(id=None, content='do something', parent_list=..., parent_list_id=None, local_id=0, checked=False)], msg_id=0), Task(id=None, content='do something else', parent_list=..., parent_list_id=None, local_id=None, checked=False)), kwargs={}
DEBUG    lisette.core.models:models.py:92 inserted Task(id=None, content='do something else', parent_list=..., parent_list_id=None, local_id=1, checked=False) into TaskList(id=None, name='list 1', guild_id=0, tasks=[Task(id=None, content='do something', parent_list=..., parent_list_id=None, local_id=0, checked=False), Task(id=None, content='do something else', parent_list=..., parent_list_id=None, local_id=1, checked=False)], msg_id=0)
DEBUG    lisette.core.models:logging.py:55 operation <function TaskList.insert at 0x7f80f9e3a660>, args=(TaskList(id=None, name='list 1', guild_id=0, tasks=[Task(id=None, content='do something', parent_list=..., parent_list_id=None, local_id=0, checked=False)], msg_id=0), Task(id=None, content='do something else', parent_list=..., parent_list_id=None, local_id=None, checked=False)), kwargs={} completed, returning None
DEBUG    lisette.core.models:models.py:25 new Task(id=None, content='do a third thing', parent_list=..., parent_list_id=None, local_id=None, checked=False)
DEBUG    lisette.core.models:logging.py:53 executing <function TaskList.insert at 0x7f80f9e3a660>, args=(TaskList(id=None, name='list 1', guild_id=0, tasks=[Task(id=None, content='do something', parent_list=..., parent_list_id=None, local_id=0, checked=False), Task(id=None, content='do something else', parent_list=..., parent_list_id=None, local_id=1, checked=False)], msg_id=0), Task(id=None, content='do a third thing', parent_list=..., parent_list_id=None, local_id=None, checked=False)), kwargs={}
DEBUG    lisette.core.models:models.py:92 inserted Task(id=None, content='do a third thing', parent_list=..., parent_list_id=None, local_id=2, checked=False) into TaskList(id=None, name='list 1', guild_id=0, tasks=[Task(id=None, content='do something', parent_list=..., parent_list_id=None, local_id=0, checked=False), Task(id=None, content='do something else', parent_list=..., parent_list_id=None, local_id=1, checked=False), Task(id=None, content='do a third thing', parent_list=..., parent_list_id=None, local_id=2, checked=False)], msg_id=0)
DEBUG    lisette.core.models:logging.py:55 operation <function TaskList.insert at 0x7f80f9e3a660>, args=(TaskList(id=None, name='list 1', guild_id=0, tasks=[Task(id=None, content='do something', parent_list=..., parent_list_id=None, local_id=0, checked=False), Task(id=None, content='do something else', parent_list=..., parent_list_id=None, local_id=1, checked=False)], msg_id=0), Task(id=None, content='do a third thing', parent_list=..., parent_list_id=None, local_id=None, checked=False)), kwargs={} completed, returning None
-------------------------------- live log call ---------------------------------
DEBUG    aiosqlite:core.py:105 executing functools.partial(<built-in method cursor of sqlite3.Connection object at 0x7f80f9d3b5b0>)
DEBUG    aiosqlite:core.py:107 operation functools.partial(<built-in method cursor of sqlite3.Connection object at 0x7f80f9d3b5b0>) completed
DEBUG    aiosqlite:core.py:105 executing functools.partial(<built-in method execute of sqlite3.Cursor object at 0x7f80f91fc0c0>, 'INSERT INTO task_list (name, guild_id, msg_id) VALUES (?, ?, ?)', ('list 1', 0, 0))
DEBUG    aiosqlite:core.py:107 operation functools.partial(<built-in method execute of sqlite3.Cursor object at 0x7f80f91fc0c0>, 'INSERT INTO task_list (name, guild_id, msg_id) VALUES (?, ?, ?)', ('list 1', 0, 0)) completed
DEBUG    aiosqlite:core.py:105 executing functools.partial(<built-in method close of sqlite3.Cursor object at 0x7f80f91fc0c0>)
DEBUG    aiosqlite:core.py:107 operation functools.partial(<built-in method close of sqlite3.Cursor object at 0x7f80f91fc0c0>) completed
DEBUG    aiosqlite:core.py:105 executing functools.partial(<built-in method cursor of sqlite3.Connection object at 0x7f80f9d3b5b0>)
DEBUG    aiosqlite:core.py:107 operation functools.partial(<built-in method cursor of sqlite3.Connection object at 0x7f80f9d3b5b0>) completed
DEBUG    aiosqlite:core.py:105 executing functools.partial(<built-in method execute of sqlite3.Cursor object at 0x7f80f9cd26c0>, 'INSERT INTO task (content, parent_list_id, local_id, checked) VALUES (?, ?, ?, ?) RETURNING id', ('do something', 1, 0, 0))
DEBUG    aiosqlite:core.py:107 operation functools.partial(<built-in method execute of sqlite3.Cursor object at 0x7f80f9cd26c0>, 'INSERT INTO task (content, parent_list_id, local_id, checked) VALUES (?, ?, ?, ?) RETURNING id', ('do something', 1, 0, 0)) completed
DEBUG    aiosqlite:core.py:105 executing functools.partial(<built-in method fetchall of sqlite3.Cursor object at 0x7f80f9cd26c0>)
DEBUG    aiosqlite:core.py:107 operation functools.partial(<built-in method fetchall of sqlite3.Cursor object at 0x7f80f9cd26c0>) completed
DEBUG    aiosqlite:core.py:105 executing functools.partial(<built-in method close of sqlite3.Cursor object at 0x7f80f9cd26c0>)
DEBUG    aiosqlite:core.py:107 operation functools.partial(<built-in method close of sqlite3.Cursor object at 0x7f80f9cd26c0>) completed
DEBUG    aiosqlite:core.py:105 executing functools.partial(<built-in method cursor of sqlite3.Connection object at 0x7f80f9d3b5b0>)
DEBUG    aiosqlite:core.py:107 operation functools.partial(<built-in method cursor of sqlite3.Connection object at 0x7f80f9d3b5b0>) completed
DEBUG    aiosqlite:core.py:105 executing functools.partial(<built-in method execute of sqlite3.Cursor object at 0x7f80f9cd14c0>, 'INSERT INTO task (content, parent_list_id, local_id, checked) VALUES (?, ?, ?, ?) RETURNING id', ('do something else', 1, 1, 0))
DEBUG    aiosqlite:core.py:107 operation functools.partial(<built-in method execute of sqlite3.Cursor object at 0x7f80f9cd14c0>, 'INSERT INTO task (content, parent_list_id, local_id, checked) VALUES (?, ?, ?, ?) RETURNING id', ('do something else', 1, 1, 0)) completed
DEBUG    aiosqlite:core.py:105 executing functools.partial(<built-in method fetchall of sqlite3.Cursor object at 0x7f80f9cd14c0>)
DEBUG    aiosqlite:core.py:107 operation functools.partial(<built-in method fetchall of sqlite3.Cursor object at 0x7f80f9cd14c0>) completed
DEBUG    aiosqlite:core.py:105 executing functools.partial(<built-in method close of sqlite3.Cursor object at 0x7f80f9cd14c0>)
DEBUG    aiosqlite:core.py:107 operation functools.partial(<built-in method close of sqlite3.Cursor object at 0x7f80f9cd14c0>) completed
DEBUG    aiosqlite:core.py:105 executing functools.partial(<built-in method cursor of sqlite3.Connection object at 0x7f80f9d3b5b0>)
DEBUG    aiosqlite:core.py:107 operation functools.partial(<built-in method cursor of sqlite3.Connection object at 0x7f80f9d3b5b0>) completed
DEBUG    aiosqlite:core.py:105 executing functools.partial(<built-in method execute of sqlite3.Cursor object at 0x7f80f91fc640>, 'INSERT INTO task (content, parent_list_id, local_id, checked) VALUES (?, ?, ?, ?) RETURNING id', ('do a third thing', 1, 2, 0))
DEBUG    aiosqlite:core.py:107 operation functools.partial(<built-in method execute of sqlite3.Cursor object at 0x7f80f91fc640>, 'INSERT INTO task (content, parent_list_id, local_id, checked) VALUES (?, ?, ?, ?) RETURNING id', ('do a third thing', 1, 2, 0)) completed
DEBUG    aiosqlite:core.py:105 executing functools.partial(<built-in method fetchall of sqlite3.Cursor object at 0x7f80f91fc640>)
DEBUG    aiosqlite:core.py:107 operation functools.partial(<built-in method fetchall of sqlite3.Cursor object at 0x7f80f91fc640>) completed
DEBUG    aiosqlite:core.py:105 executing functools.partial(<built-in method close of sqlite3.Cursor object at 0x7f80f91fc640>)
DEBUG    aiosqlite:core.py:107 operation functools.partial(<built-in method close of sqlite3.Cursor object at 0x7f80f91fc640>) completed
DEBUG    aiosqlite:core.py:105 executing functools.partial(<built-in method commit of sqlite3.Connection object at 0x7f80f9d3b5b0>)
DEBUG    aiosqlite:core.py:107 operation functools.partial(<built-in method commit of sqlite3.Connection object at 0x7f80f9d3b5b0>) completed
DEBUG    aiosqlite:core.py:105 executing functools.partial(<built-in method rollback of sqlite3.Connection object at 0x7f80f9d3b5b0>)
DEBUG    aiosqlite:core.py:107 operation functools.partial(<built-in method rollback of sqlite3.Connection object at 0x7f80f9d3b5b0>) completed
DEBUG    lisette.core.models:models.py:243 SELECT task.id, task.content, task.parent_list_id, task.local_id, task.checked 
FROM task JOIN task_list ON task_list.id = task.parent_list_id 
WHERE task_list.guild_id = :guild_id_1 AND task_list.name = :name_1 AND task.local_id = :local_id_1
DEBUG    aiosqlite:core.py:105 executing functools.partial(<built-in method cursor of sqlite3.Connection object at 0x7f80f9d3b5b0>)
DEBUG    aiosqlite:core.py:107 operation functools.partial(<built-in method cursor of sqlite3.Connection object at 0x7f80f9d3b5b0>) completed
DEBUG    aiosqlite:core.py:105 executing functools.partial(<built-in method execute of sqlite3.Cursor object at 0x7f80f91fdb40>, 'SELECT task.id, task.content, task.parent_list_id, task.local_id, task.checked \nFROM task JOIN task_list ON task_list.id = task.parent_list_id \nWHERE task_list.guild_id = ? AND task_list.name = ? AND task.local_id = ?', (0, 'list 1', 1))
DEBUG    aiosqlite:core.py:107 operation functools.partial(<built-in method execute of sqlite3.Cursor object at 0x7f80f91fdb40>, 'SELECT task.id, task.content, task.parent_list_id, task.local_id, task.checked \nFROM task JOIN task_list ON task_list.id = task.parent_list_id \nWHERE task_list.guild_id = ? AND task_list.name = ? AND task.local_id = ?', (0, 'list 1', 1)) completed
DEBUG    aiosqlite:core.py:105 executing functools.partial(<built-in method fetchall of sqlite3.Cursor object at 0x7f80f91fdb40>)
DEBUG    aiosqlite:core.py:107 operation functools.partial(<built-in method fetchall of sqlite3.Cursor object at 0x7f80f91fdb40>) completed
DEBUG    aiosqlite:core.py:105 executing functools.partial(<built-in method close of sqlite3.Cursor object at 0x7f80f91fdb40>)
DEBUG    aiosqlite:core.py:107 operation functools.partial(<built-in method close of sqlite3.Cursor object at 0x7f80f91fdb40>) completed
DEBUG    lisette.core.models:logging.py:53 executing <function Task.delete at 0x7f80f9e3bba0>, args=(Task(id=2, content='do something else', parent_list=..., parent_list_id=1, local_id=1, checked=False), <sqlalchemy.ext.asyncio.session.AsyncSession object at 0x7f80f9d0c390>), kwargs={}
DEBUG    lisette.core.models:logging.py:55 operation <function Task.delete at 0x7f80f9e3bba0>, args=(Task(id=2, content='do something else', parent_list=..., parent_list_id=1, local_id=1, checked=False), <sqlalchemy.ext.asyncio.session.AsyncSession object at 0x7f80f9d0c390>), kwargs={} completed, returning <coroutine object Task.delete at 0x7f80f92246d0>
DEBUG    lisette.core.models:models.py:197 Trying to get tasks in same list
DEBUG    aiosqlite:core.py:105 executing functools.partial(<built-in method cursor of sqlite3.Connection object at 0x7f80f9d3b5b0>)
DEBUG    aiosqlite:core.py:107 operation functools.partial(<built-in method cursor of sqlite3.Connection object at 0x7f80f9d3b5b0>) completed
DEBUG    aiosqlite:core.py:105 executing functools.partial(<built-in method execute of sqlite3.Cursor object at 0x7f80f91ff140>, 'SELECT task_list.id AS task_list_id, task_list.name AS task_list_name, task_list.guild_id AS task_list_guild_id, task_list.msg_id AS task_list_msg_id \nFROM task_list \nWHERE task_list.id = ?', (1,))
DEBUG    aiosqlite:core.py:107 operation functools.partial(<built-in method execute of sqlite3.Cursor object at 0x7f80f91ff140>, 'SELECT task_list.id AS task_list_id, task_list.name AS task_list_name, task_list.guild_id AS task_list_guild_id, task_list.msg_id AS task_list_msg_id \nFROM task_list \nWHERE task_list.id = ?', (1,)) completed
DEBUG    aiosqlite:core.py:105 executing functools.partial(<built-in method fetchall of sqlite3.Cursor object at 0x7f80f91ff140>)
DEBUG    aiosqlite:core.py:107 operation functools.partial(<built-in method fetchall of sqlite3.Cursor object at 0x7f80f91ff140>) completed
DEBUG    aiosqlite:core.py:105 executing functools.partial(<built-in method close of sqlite3.Cursor object at 0x7f80f91ff140>)
DEBUG    aiosqlite:core.py:107 operation functools.partial(<built-in method close of sqlite3.Cursor object at 0x7f80f91ff140>) completed
DEBUG    lisette.core.models:models.py:203 DB del done.
DEBUG    aiosqlite:core.py:105 executing functools.partial(<built-in method cursor of sqlite3.Connection object at 0x7f80f9d3b5b0>)
DEBUG    aiosqlite:core.py:107 operation functools.partial(<built-in method cursor of sqlite3.Connection object at 0x7f80f9d3b5b0>) completed
DEBUG    aiosqlite:core.py:105 executing functools.partial(<built-in method execute of sqlite3.Cursor object at 0x7f80f91ff1c0>, 'DELETE FROM task WHERE task.id = ?', (2,))
DEBUG    aiosqlite:core.py:107 operation functools.partial(<built-in method execute of sqlite3.Cursor object at 0x7f80f91ff1c0>, 'DELETE FROM task WHERE task.id = ?', (2,)) completed
DEBUG    aiosqlite:core.py:105 executing functools.partial(<built-in method close of sqlite3.Cursor object at 0x7f80f91ff1c0>)
DEBUG    aiosqlite:core.py:107 operation functools.partial(<built-in method close of sqlite3.Cursor object at 0x7f80f91ff1c0>) completed
DEBUG    aiosqlite:core.py:105 executing functools.partial(<built-in method cursor of sqlite3.Connection object at 0x7f80f9d3b5b0>)
DEBUG    aiosqlite:core.py:107 operation functools.partial(<built-in method cursor of sqlite3.Connection object at 0x7f80f9d3b5b0>) completed
DEBUG    aiosqlite:core.py:105 executing functools.partial(<built-in method execute of sqlite3.Cursor object at 0x7f80f9cd1a40>, 'SELECT task.id AS task_id, task.content AS task_content, task.parent_list_id AS task_parent_list_id, task.local_id AS task_local_id, task.checked AS task_checked \nFROM task \nWHERE ? = task.parent_list_id', (1,))
DEBUG    aiosqlite:core.py:107 operation functools.partial(<built-in method execute of sqlite3.Cursor object at 0x7f80f9cd1a40>, 'SELECT task.id AS task_id, task.content AS task_content, task.parent_list_id AS task_parent_list_id, task.local_id AS task_local_id, task.checked AS task_checked \nFROM task \nWHERE ? = task.parent_list_id', (1,)) completed
DEBUG    aiosqlite:core.py:105 executing functools.partial(<built-in method fetchall of sqlite3.Cursor object at 0x7f80f9cd1a40>)
DEBUG    aiosqlite:core.py:107 operation functools.partial(<built-in method fetchall of sqlite3.Cursor object at 0x7f80f9cd1a40>) completed
DEBUG    aiosqlite:core.py:105 executing functools.partial(<built-in method close of sqlite3.Cursor object at 0x7f80f9cd1a40>)
DEBUG    aiosqlite:core.py:107 operation functools.partial(<built-in method close of sqlite3.Cursor object at 0x7f80f9cd1a40>) completed
DEBUG    aiosqlite:core.py:105 executing functools.partial(<built-in method cursor of sqlite3.Connection object at 0x7f80f9d3b5b0>)
DEBUG    aiosqlite:core.py:107 operation functools.partial(<built-in method cursor of sqlite3.Connection object at 0x7f80f9d3b5b0>) completed
DEBUG    aiosqlite:core.py:105 executing functools.partial(<built-in method executemany of sqlite3.Cursor object at 0x7f80f9cd1540>, 'UPDATE task SET local_id=? WHERE task.id = ?', [(-1, 1), (1, 3)])
DEBUG    aiosqlite:core.py:107 operation functools.partial(<built-in method executemany of sqlite3.Cursor object at 0x7f80f9cd1540>, 'UPDATE task SET local_id=? WHERE task.id = ?', [(-1, 1), (1, 3)]) completed
DEBUG    aiosqlite:core.py:105 executing functools.partial(<built-in method close of sqlite3.Cursor object at 0x7f80f9cd1540>)
DEBUG    aiosqlite:core.py:107 operation functools.partial(<built-in method close of sqlite3.Cursor object at 0x7f80f9cd1540>) completed
DEBUG    aiosqlite:core.py:105 executing functools.partial(<built-in method commit of sqlite3.Connection object at 0x7f80f9d3b5b0>)
DEBUG    aiosqlite:core.py:107 operation functools.partial(<built-in method commit of sqlite3.Connection object at 0x7f80f9d3b5b0>) completed
DEBUG    aiosqlite:core.py:105 executing functools.partial(<built-in method rollback of sqlite3.Connection object at 0x7f80f9d3b5b0>)
DEBUG    aiosqlite:core.py:107 operation functools.partial(<built-in method rollback of sqlite3.Connection object at 0x7f80f9d3b5b0>) completed
DEBUG    lisette.core.models:models.py:243 SELECT task.id, task.content, task.parent_list_id, task.local_id, task.checked 
FROM task JOIN task_list ON task_list.id = task.parent_list_id 
WHERE task_list.guild_id = :guild_id_1 AND task_list.name = :name_1 AND task.local_id = :local_id_1
DEBUG    aiosqlite:core.py:105 executing functools.partial(<built-in method cursor of sqlite3.Connection object at 0x7f80f9d3b5b0>)
DEBUG    aiosqlite:core.py:107 operation functools.partial(<built-in method cursor of sqlite3.Connection object at 0x7f80f9d3b5b0>) completed
DEBUG    aiosqlite:core.py:105 executing functools.partial(<built-in method execute of sqlite3.Cursor object at 0x7f80f92608c0>, 'SELECT task.id, task.content, task.parent_list_id, task.local_id, task.checked \nFROM task JOIN task_list ON task_list.id = task.parent_list_id \nWHERE task_list.guild_id = ? AND task_list.name = ? AND task.local_id = ?', (0, 'list 1', 1))
DEBUG    aiosqlite:core.py:107 operation functools.partial(<built-in method execute of sqlite3.Cursor object at 0x7f80f92608c0>, 'SELECT task.id, task.content, task.parent_list_id, task.local_id, task.checked \nFROM task JOIN task_list ON task_list.id = task.parent_list_id \nWHERE task_list.guild_id = ? AND task_list.name = ? AND task.local_id = ?', (0, 'list 1', 1)) completed
DEBUG    aiosqlite:core.py:105 executing functools.partial(<built-in method fetchall of sqlite3.Cursor object at 0x7f80f92608c0>)
DEBUG    aiosqlite:core.py:107 operation functools.partial(<built-in method fetchall of sqlite3.Cursor object at 0x7f80f92608c0>) completed
DEBUG    aiosqlite:core.py:105 executing functools.partial(<built-in method close of sqlite3.Cursor object at 0x7f80f92608c0>)
DEBUG    aiosqlite:core.py:107 operation functools.partial(<built-in method close of sqlite3.Cursor object at 0x7f80f92608c0>) completed
PASSED                                                                   [ 80%]
------------------------------ live log teardown -------------------------------
DEBUG    aiosqlite:core.py:105 executing functools.partial(<built-in method rollback of sqlite3.Connection object at 0x7f80f9d3b5b0>)
DEBUG    aiosqlite:core.py:107 operation functools.partial(<built-in method rollback of sqlite3.Connection object at 0x7f80f9d3b5b0>) completed
DEBUG    aiosqlite:core.py:105 executing functools.partial(<built-in method rollback of sqlite3.Connection object at 0x7f80f9d3b5b0>)
DEBUG    aiosqlite:core.py:107 operation functools.partial(<built-in method rollback of sqlite3.Connection object at 0x7f80f9d3b5b0>) completed
DEBUG    asyncio:selector_events.py:54 Using selector: EpollSelector

tests/test_model.py::test_guild_all 
-------------------------------- live log setup --------------------------------
DEBUG    asyncio:selector_events.py:54 Using selector: EpollSelector
DEBUG    aiosqlite:core.py:105 executing <function connect.<locals>.connector at 0x7f80f921cae0>
DEBUG    aiosqlite:core.py:107 operation <function connect.<locals>.connector at 0x7f80f921cae0> completed
DEBUG    aiosqlite:core.py:105 executing functools.partial(<built-in method create_function of sqlite3.Connection object at 0x7f80f92253f0>, 'regexp', 2, <function SQLiteDialect_pysqlite.on_connect.<locals>.regexp at 0x7f80f9cedda0>, deterministic=True)
DEBUG    aiosqlite:core.py:107 operation functools.partial(<built-in method create_function of sqlite3.Connection object at 0x7f80f92253f0>, 'regexp', 2, <function SQLiteDialect_pysqlite.on_connect.<locals>.regexp at 0x7f80f9cedda0>, deterministic=True) completed
DEBUG    aiosqlite:core.py:105 executing functools.partial(<built-in method create_function of sqlite3.Connection object at 0x7f80f92253f0>, 'floor', 1, <built-in function floor>, deterministic=True)
DEBUG    aiosqlite:core.py:107 operation functools.partial(<built-in method create_function of sqlite3.Connection object at 0x7f80f92253f0>, 'floor', 1, <built-in function floor>, deterministic=True) completed
DEBUG    aiosqlite:core.py:105 executing functools.partial(<built-in method cursor of sqlite3.Connection object at 0x7f80f92253f0>)
DEBUG    aiosqlite:core.py:107 operation functools.partial(<built-in method cursor of sqlite3.Connection object at 0x7f80f92253f0>) completed
DEBUG    aiosqlite:core.py:105 executing functools.partial(<built-in method execute of sqlite3.Cursor object at 0x7f80f9cd1540>, 'PRAGMA read_uncommitted', [])
DEBUG    aiosqlite:core.py:107 operation functools.partial(<built-in method execute of sqlite3.Cursor object at 0x7f80f9cd1540>, 'PRAGMA read_uncommitted', []) completed
DEBUG    aiosqlite:core.py:105 executing functools.partial(<built-in method fetchall of sqlite3.Cursor object at 0x7f80f9cd1540>)
DEBUG    aiosqlite:core.py:107 operation functools.partial(<built-in method fetchall of sqlite3.Cursor object at 0x7f80f9cd1540>) completed
DEBUG    aiosqlite:core.py:105 executing functools.partial(<built-in method close of sqlite3.Cursor object at 0x7f80f9cd1540>)
DEBUG    aiosqlite:core.py:107 operation functools.partial(<built-in method close of sqlite3.Cursor object at 0x7f80f9cd1540>) completed
DEBUG    aiosqlite:core.py:105 executing functools.partial(<built-in method rollback of sqlite3.Connection object at 0x7f80f92253f0>)
DEBUG    aiosqlite:core.py:107 operation functools.partial(<built-in method rollback of sqlite3.Connection object at 0x7f80f92253f0>) completed
DEBUG    aiosqlite:core.py:105 executing functools.partial(<built-in method cursor of sqlite3.Connection object at 0x7f80f92253f0>)
DEBUG    aiosqlite:core.py:107 operation functools.partial(<built-in method cursor of sqlite3.Connection object at 0x7f80f92253f0>) completed
DEBUG    aiosqlite:core.py:105 executing functools.partial(<built-in method execute of sqlite3.Cursor object at 0x7f80f91ff8c0>, 'PRAGMA main.table_info("task_list")', ())
DEBUG    aiosqlite:core.py:107 operation functools.partial(<built-in method execute of sqlite3.Cursor object at 0x7f80f91ff8c0>, 'PRAGMA main.table_info("task_list")', ()) completed
DEBUG    aiosqlite:core.py:105 executing functools.partial(<built-in method fetchall of sqlite3.Cursor object at 0x7f80f91ff8c0>)
DEBUG    aiosqlite:core.py:107 operation functools.partial(<built-in method fetchall of sqlite3.Cursor object at 0x7f80f91ff8c0>) completed
DEBUG    aiosqlite:core.py:105 executing functools.partial(<built-in method close of sqlite3.Cursor object at 0x7f80f91ff8c0>)
DEBUG    aiosqlite:core.py:107 operation functools.partial(<built-in method close of sqlite3.Cursor object at 0x7f80f91ff8c0>) completed
DEBUG    aiosqlite:core.py:105 executing functools.partial(<built-in method cursor of sqlite3.Connection object at 0x7f80f92253f0>)
DEBUG    aiosqlite:core.py:107 operation functools.partial(<built-in method cursor of sqlite3.Connection object at 0x7f80f92253f0>) completed
DEBUG    aiosqlite:core.py:105 executing functools.partial(<built-in method execute of sqlite3.Cursor object at 0x7f80f91fc0c0>, 'PRAGMA temp.table_info("task_list")', ())
DEBUG    aiosqlite:core.py:107 operation functools.partial(<built-in method execute of sqlite3.Cursor object at 0x7f80f91fc0c0>, 'PRAGMA temp.table_info("task_list")', ()) completed
DEBUG    aiosqlite:core.py:105 executing functools.partial(<built-in method fetchall of sqlite3.Cursor object at 0x7f80f91fc0c0>)
DEBUG    aiosqlite:core.py:107 operation functools.partial(<built-in method fetchall of sqlite3.Cursor object at 0x7f80f91fc0c0>) completed
DEBUG    aiosqlite:core.py:105 executing functools.partial(<built-in method close of sqlite3.Cursor object at 0x7f80f91fc0c0>)
DEBUG    aiosqlite:core.py:107 operation functools.partial(<built-in method close of sqlite3.Cursor object at 0x7f80f91fc0c0>) completed
DEBUG    aiosqlite:core.py:105 executing functools.partial(<built-in method cursor of sqlite3.Connection object at 0x7f80f92253f0>)
DEBUG    aiosqlite:core.py:107 operation functools.partial(<built-in method cursor of sqlite3.Connection object at 0x7f80f92253f0>) completed
DEBUG    aiosqlite:core.py:105 executing functools.partial(<built-in method execute of sqlite3.Cursor object at 0x7f80f91fecc0>, 'PRAGMA main.table_info("task")', ())
DEBUG    aiosqlite:core.py:107 operation functools.partial(<built-in method execute of sqlite3.Cursor object at 0x7f80f91fecc0>, 'PRAGMA main.table_info("task")', ()) completed
DEBUG    aiosqlite:core.py:105 executing functools.partial(<built-in method fetchall of sqlite3.Cursor object at 0x7f80f91fecc0>)
DEBUG    aiosqlite:core.py:107 operation functools.partial(<built-in method fetchall of sqlite3.Cursor object at 0x7f80f91fecc0>) completed
DEBUG    aiosqlite:core.py:105 executing functools.partial(<built-in method close of sqlite3.Cursor object at 0x7f80f91fecc0>)
DEBUG    aiosqlite:core.py:107 operation functools.partial(<built-in method close of sqlite3.Cursor object at 0x7f80f91fecc0>) completed
DEBUG    aiosqlite:core.py:105 executing functools.partial(<built-in method cursor of sqlite3.Connection object at 0x7f80f92253f0>)
DEBUG    aiosqlite:core.py:107 operation functools.partial(<built-in method cursor of sqlite3.Connection object at 0x7f80f92253f0>) completed
DEBUG    aiosqlite:core.py:105 executing functools.partial(<built-in method execute of sqlite3.Cursor object at 0x7f80f91fc4c0>, 'PRAGMA temp.table_info("task")', ())
DEBUG    aiosqlite:core.py:107 operation functools.partial(<built-in method execute of sqlite3.Cursor object at 0x7f80f91fc4c0>, 'PRAGMA temp.table_info("task")', ()) completed
DEBUG    aiosqlite:core.py:105 executing functools.partial(<built-in method fetchall of sqlite3.Cursor object at 0x7f80f91fc4c0>)
DEBUG    aiosqlite:core.py:107 operation functools.partial(<built-in method fetchall of sqlite3.Cursor object at 0x7f80f91fc4c0>) completed
DEBUG    aiosqlite:core.py:105 executing functools.partial(<built-in method close of sqlite3.Cursor object at 0x7f80f91fc4c0>)
DEBUG    aiosqlite:core.py:107 operation functools.partial(<built-in method close of sqlite3.Cursor object at 0x7f80f91fc4c0>) completed
DEBUG    aiosqlite:core.py:105 executing functools.partial(<built-in method cursor of sqlite3.Connection object at 0x7f80f92253f0>)
DEBUG    aiosqlite:core.py:107 operation functools.partial(<built-in method cursor of sqlite3.Connection object at 0x7f80f92253f0>) completed
DEBUG    aiosqlite:core.py:105 executing functools.partial(<built-in method execute of sqlite3.Cursor object at 0x7f80f9cd29c0>, '\nCREATE TABLE task_list (\n\tid INTEGER NOT NULL, \n\tname VARCHAR NOT NULL, \n\tguild_id INTEGER NOT NULL, \n\tmsg_id INTEGER NOT NULL, \n\tPRIMARY KEY (id), \n\tUNIQUE (name, guild_id)\n)\n\n', ())
DEBUG    aiosqlite:core.py:107 operation functools.partial(<built-in method execute of sqlite3.Cursor object at 0x7f80f9cd29c0>, '\nCREATE TABLE task_list (\n\tid INTEGER NOT NULL, \n\tname VARCHAR NOT NULL, \n\tguild_id INTEGER NOT NULL, \n\tmsg_id INTEGER NOT NULL, \n\tPRIMARY KEY (id), \n\tUNIQUE (name, guild_id)\n)\n\n', ()) completed
DEBUG    aiosqlite:core.py:105 executing functools.partial(<built-in method close of sqlite3.Cursor object at 0x7f80f9cd29c0>)
DEBUG    aiosqlite:core.py:107 operation functools.partial(<built-in method close of sqlite3.Cursor object at 0x7f80f9cd29c0>) completed
DEBUG    aiosqlite:core.py:105 executing functools.partial(<built-in method cursor of sqlite3.Connection object at 0x7f80f92253f0>)
DEBUG    aiosqlite:core.py:107 operation functools.partial(<built-in method cursor of sqlite3.Connection object at 0x7f80f92253f0>) completed
DEBUG    aiosqlite:core.py:105 executing functools.partial(<built-in method execute of sqlite3.Cursor object at 0x7f80f91ff2c0>, '\nCREATE TABLE task (\n\tid INTEGER NOT NULL, \n\tcontent VARCHAR NOT NULL, \n\tparent_list_id INTEGER, \n\tlocal_id INTEGER, \n\tchecked BOOLEAN NOT NULL, \n\tPRIMARY KEY (id), \n\tFOREIGN KEY(parent_list_id) REFERENCES task_list (id)\n)\n\n', ())
DEBUG    aiosqlite:core.py:107 operation functools.partial(<built-in method execute of sqlite3.Cursor object at 0x7f80f91ff2c0>, '\nCREATE TABLE task (\n\tid INTEGER NOT NULL, \n\tcontent VARCHAR NOT NULL, \n\tparent_list_id INTEGER, \n\tlocal_id INTEGER, \n\tchecked BOOLEAN NOT NULL, \n\tPRIMARY KEY (id), \n\tFOREIGN KEY(parent_list_id) REFERENCES task_list (id)\n)\n\n', ()) completed
DEBUG    aiosqlite:core.py:105 executing functools.partial(<built-in method close of sqlite3.Cursor object at 0x7f80f91ff2c0>)
DEBUG    aiosqlite:core.py:107 operation functools.partial(<built-in method close of sqlite3.Cursor object at 0x7f80f91ff2c0>) completed
DEBUG    aiosqlite:core.py:105 executing functools.partial(<built-in method commit of sqlite3.Connection object at 0x7f80f92253f0>)
DEBUG    aiosqlite:core.py:107 operation functools.partial(<built-in method commit of sqlite3.Connection object at 0x7f80f92253f0>) completed
DEBUG    aiosqlite:core.py:105 executing functools.partial(<built-in method rollback of sqlite3.Connection object at 0x7f80f92253f0>)
DEBUG    aiosqlite:core.py:107 operation functools.partial(<built-in method rollback of sqlite3.Connection object at 0x7f80f92253f0>) completed
DEBUG    lisette.core.models:models.py:25 new TaskList(id=None, name='list 1', guild_id=0, tasks=[], msg_id=0)
DEBUG    lisette.core.models:models.py:25 new TaskList(id=None, name='list 2', guild_id=0, tasks=[], msg_id=0)
DEBUG    lisette.core.models:models.py:25 new TaskList(id=None, name='list 3', guild_id=1, tasks=[], msg_id=0)
-------------------------------- live log call ---------------------------------
DEBUG    aiosqlite:core.py:105 executing functools.partial(<built-in method cursor of sqlite3.Connection object at 0x7f80f92253f0>)
DEBUG    aiosqlite:core.py:107 operation functools.partial(<built-in method cursor of sqlite3.Connection object at 0x7f80f92253f0>) completed
DEBUG    aiosqlite:core.py:105 executing functools.partial(<built-in method execute of sqlite3.Cursor object at 0x7f80f9260dc0>, 'INSERT INTO task_list (name, guild_id, msg_id) VALUES (?, ?, ?) RETURNING id', ('list 1', 0, 0))
DEBUG    aiosqlite:core.py:107 operation functools.partial(<built-in method execute of sqlite3.Cursor object at 0x7f80f9260dc0>, 'INSERT INTO task_list (name, guild_id, msg_id) VALUES (?, ?, ?) RETURNING id', ('list 1', 0, 0)) completed
DEBUG    aiosqlite:core.py:105 executing functools.partial(<built-in method fetchall of sqlite3.Cursor object at 0x7f80f9260dc0>)
DEBUG    aiosqlite:core.py:107 operation functools.partial(<built-in method fetchall of sqlite3.Cursor object at 0x7f80f9260dc0>) completed
DEBUG    aiosqlite:core.py:105 executing functools.partial(<built-in method close of sqlite3.Cursor object at 0x7f80f9260dc0>)
DEBUG    aiosqlite:core.py:107 operation functools.partial(<built-in method close of sqlite3.Cursor object at 0x7f80f9260dc0>) completed
DEBUG    aiosqlite:core.py:105 executing functools.partial(<built-in method cursor of sqlite3.Connection object at 0x7f80f92253f0>)
DEBUG    aiosqlite:core.py:107 operation functools.partial(<built-in method cursor of sqlite3.Connection object at 0x7f80f92253f0>) completed
DEBUG    aiosqlite:core.py:105 executing functools.partial(<built-in method execute of sqlite3.Cursor object at 0x7f80f91fd0c0>, 'INSERT INTO task_list (name, guild_id, msg_id) VALUES (?, ?, ?) RETURNING id', ('list 2', 0, 0))
DEBUG    aiosqlite:core.py:107 operation functools.partial(<built-in method execute of sqlite3.Cursor object at 0x7f80f91fd0c0>, 'INSERT INTO task_list (name, guild_id, msg_id) VALUES (?, ?, ?) RETURNING id', ('list 2', 0, 0)) completed
DEBUG    aiosqlite:core.py:105 executing functools.partial(<built-in method fetchall of sqlite3.Cursor object at 0x7f80f91fd0c0>)
DEBUG    aiosqlite:core.py:107 operation functools.partial(<built-in method fetchall of sqlite3.Cursor object at 0x7f80f91fd0c0>) completed
DEBUG    aiosqlite:core.py:105 executing functools.partial(<built-in method close of sqlite3.Cursor object at 0x7f80f91fd0c0>)
DEBUG    aiosqlite:core.py:107 operation functools.partial(<built-in method close of sqlite3.Cursor object at 0x7f80f91fd0c0>) completed
DEBUG    aiosqlite:core.py:105 executing functools.partial(<built-in method cursor of sqlite3.Connection object at 0x7f80f92253f0>)
DEBUG    aiosqlite:core.py:107 operation functools.partial(<built-in method cursor of sqlite3.Connection object at 0x7f80f92253f0>) completed
DEBUG    aiosqlite:core.py:105 executing functools.partial(<built-in method execute of sqlite3.Cursor object at 0x7f80fa2fbdc0>, 'INSERT INTO task_list (name, guild_id, msg_id) VALUES (?, ?, ?) RETURNING id', ('list 3', 1, 0))
DEBUG    aiosqlite:core.py:107 operation functools.partial(<built-in method execute of sqlite3.Cursor object at 0x7f80fa2fbdc0>, 'INSERT INTO task_list (name, guild_id, msg_id) VALUES (?, ?, ?) RETURNING id', ('list 3', 1, 0)) completed
DEBUG    aiosqlite:core.py:105 executing functools.partial(<built-in method fetchall of sqlite3.Cursor object at 0x7f80fa2fbdc0>)
DEBUG    aiosqlite:core.py:107 operation functools.partial(<built-in method fetchall of sqlite3.Cursor object at 0x7f80fa2fbdc0>) completed
DEBUG    aiosqlite:core.py:105 executing functools.partial(<built-in method close of sqlite3.Cursor object at 0x7f80fa2fbdc0>)
DEBUG    aiosqlite:core.py:107 operation functools.partial(<built-in method close of sqlite3.Cursor object at 0x7f80fa2fbdc0>) completed
DEBUG    aiosqlite:core.py:105 executing functools.partial(<built-in method commit of sqlite3.Connection object at 0x7f80f92253f0>)
DEBUG    aiosqlite:core.py:107 operation functools.partial(<built-in method commit of sqlite3.Connection object at 0x7f80f92253f0>) completed
DEBUG    aiosqlite:core.py:105 executing functools.partial(<built-in method rollback of sqlite3.Connection object at 0x7f80f92253f0>)
DEBUG    aiosqlite:core.py:107 operation functools.partial(<built-in method rollback of sqlite3.Connection object at 0x7f80f92253f0>) completed
DEBUG    aiosqlite:core.py:105 executing functools.partial(<built-in method cursor of sqlite3.Connection object at 0x7f80f92253f0>)
DEBUG    aiosqlite:core.py:107 operation functools.partial(<built-in method cursor of sqlite3.Connection object at 0x7f80f92253f0>) completed
DEBUG    aiosqlite:core.py:105 executing functools.partial(<built-in method execute of sqlite3.Cursor object at 0x7f80f91fd9c0>, 'SELECT task_list.id, task_list.name, task_list.guild_id, task_list.msg_id \nFROM task_list \nWHERE task_list.guild_id = ?', (0,))
DEBUG    aiosqlite:core.py:107 operation functools.partial(<built-in method execute of sqlite3.Cursor object at 0x7f80f91fd9c0>, 'SELECT task_list.id, task_list.name, task_list.guild_id, task_list.msg_id \nFROM task_list \nWHERE task_list.guild_id = ?', (0,)) completed
DEBUG    aiosqlite:core.py:105 executing functools.partial(<built-in method fetchall of sqlite3.Cursor object at 0x7f80f91fd9c0>)
DEBUG    aiosqlite:core.py:107 operation functools.partial(<built-in method fetchall of sqlite3.Cursor object at 0x7f80f91fd9c0>) completed
DEBUG    aiosqlite:core.py:105 executing functools.partial(<built-in method close of sqlite3.Cursor object at 0x7f80f91fd9c0>)
DEBUG    aiosqlite:core.py:107 operation functools.partial(<built-in method close of sqlite3.Cursor object at 0x7f80f91fd9c0>) completed
PASSED                                                                   [ 86%]
------------------------------ live log teardown -------------------------------
DEBUG    aiosqlite:core.py:105 executing functools.partial(<built-in method rollback of sqlite3.Connection object at 0x7f80f92253f0>)
DEBUG    aiosqlite:core.py:107 operation functools.partial(<built-in method rollback of sqlite3.Connection object at 0x7f80f92253f0>) completed
DEBUG    aiosqlite:core.py:105 executing functools.partial(<built-in method rollback of sqlite3.Connection object at 0x7f80f92253f0>)
DEBUG    aiosqlite:core.py:107 operation functools.partial(<built-in method rollback of sqlite3.Connection object at 0x7f80f92253f0>) completed
DEBUG    asyncio:selector_events.py:54 Using selector: EpollSelector

tests/test_model.py::test_delete_task_list 
-------------------------------- live log setup --------------------------------
DEBUG    asyncio:selector_events.py:54 Using selector: EpollSelector
DEBUG    aiosqlite:core.py:105 executing <function connect.<locals>.connector at 0x7f80f92459e0>
DEBUG    aiosqlite:core.py:107 operation <function connect.<locals>.connector at 0x7f80f92459e0> completed
DEBUG    aiosqlite:core.py:105 executing functools.partial(<built-in method create_function of sqlite3.Connection object at 0x7f80f92249a0>, 'regexp', 2, <function SQLiteDialect_pysqlite.on_connect.<locals>.regexp at 0x7f80f921fe20>, deterministic=True)
DEBUG    aiosqlite:core.py:107 operation functools.partial(<built-in method create_function of sqlite3.Connection object at 0x7f80f92249a0>, 'regexp', 2, <function SQLiteDialect_pysqlite.on_connect.<locals>.regexp at 0x7f80f921fe20>, deterministic=True) completed
DEBUG    aiosqlite:core.py:105 executing functools.partial(<built-in method create_function of sqlite3.Connection object at 0x7f80f92249a0>, 'floor', 1, <built-in function floor>, deterministic=True)
DEBUG    aiosqlite:core.py:107 operation functools.partial(<built-in method create_function of sqlite3.Connection object at 0x7f80f92249a0>, 'floor', 1, <built-in function floor>, deterministic=True) completed
DEBUG    aiosqlite:core.py:105 executing functools.partial(<built-in method cursor of sqlite3.Connection object at 0x7f80f92249a0>)
DEBUG    aiosqlite:core.py:107 operation functools.partial(<built-in method cursor of sqlite3.Connection object at 0x7f80f92249a0>) completed
DEBUG    aiosqlite:core.py:105 executing functools.partial(<built-in method execute of sqlite3.Cursor object at 0x7f80f9cd1e40>, 'PRAGMA read_uncommitted', [])
DEBUG    aiosqlite:core.py:107 operation functools.partial(<built-in method execute of sqlite3.Cursor object at 0x7f80f9cd1e40>, 'PRAGMA read_uncommitted', []) completed
DEBUG    aiosqlite:core.py:105 executing functools.partial(<built-in method fetchall of sqlite3.Cursor object at 0x7f80f9cd1e40>)
DEBUG    aiosqlite:core.py:107 operation functools.partial(<built-in method fetchall of sqlite3.Cursor object at 0x7f80f9cd1e40>) completed
DEBUG    aiosqlite:core.py:105 executing functools.partial(<built-in method close of sqlite3.Cursor object at 0x7f80f9cd1e40>)
DEBUG    aiosqlite:core.py:107 operation functools.partial(<built-in method close of sqlite3.Cursor object at 0x7f80f9cd1e40>) completed
DEBUG    aiosqlite:core.py:105 executing functools.partial(<built-in method rollback of sqlite3.Connection object at 0x7f80f92249a0>)
DEBUG    aiosqlite:core.py:107 operation functools.partial(<built-in method rollback of sqlite3.Connection object at 0x7f80f92249a0>) completed
DEBUG    aiosqlite:core.py:105 executing functools.partial(<built-in method cursor of sqlite3.Connection object at 0x7f80f92249a0>)
DEBUG    aiosqlite:core.py:107 operation functools.partial(<built-in method cursor of sqlite3.Connection object at 0x7f80f92249a0>) completed
DEBUG    aiosqlite:core.py:105 executing functools.partial(<built-in method execute of sqlite3.Cursor object at 0x7f80f91ffec0>, 'PRAGMA main.table_info("task_list")', ())
DEBUG    aiosqlite:core.py:107 operation functools.partial(<built-in method execute of sqlite3.Cursor object at 0x7f80f91ffec0>, 'PRAGMA main.table_info("task_list")', ()) completed
DEBUG    aiosqlite:core.py:105 executing functools.partial(<built-in method fetchall of sqlite3.Cursor object at 0x7f80f91ffec0>)
DEBUG    aiosqlite:core.py:107 operation functools.partial(<built-in method fetchall of sqlite3.Cursor object at 0x7f80f91ffec0>) completed
DEBUG    aiosqlite:core.py:105 executing functools.partial(<built-in method close of sqlite3.Cursor object at 0x7f80f91ffec0>)
DEBUG    aiosqlite:core.py:107 operation functools.partial(<built-in method close of sqlite3.Cursor object at 0x7f80f91ffec0>) completed
DEBUG    aiosqlite:core.py:105 executing functools.partial(<built-in method cursor of sqlite3.Connection object at 0x7f80f92249a0>)
DEBUG    aiosqlite:core.py:107 operation functools.partial(<built-in method cursor of sqlite3.Connection object at 0x7f80f92249a0>) completed
DEBUG    aiosqlite:core.py:105 executing functools.partial(<built-in method execute of sqlite3.Cursor object at 0x7f80f91ff8c0>, 'PRAGMA temp.table_info("task_list")', ())
DEBUG    aiosqlite:core.py:107 operation functools.partial(<built-in method execute of sqlite3.Cursor object at 0x7f80f91ff8c0>, 'PRAGMA temp.table_info("task_list")', ()) completed
DEBUG    aiosqlite:core.py:105 executing functools.partial(<built-in method fetchall of sqlite3.Cursor object at 0x7f80f91ff8c0>)
DEBUG    aiosqlite:core.py:107 operation functools.partial(<built-in method fetchall of sqlite3.Cursor object at 0x7f80f91ff8c0>) completed
DEBUG    aiosqlite:core.py:105 executing functools.partial(<built-in method close of sqlite3.Cursor object at 0x7f80f91ff8c0>)
DEBUG    aiosqlite:core.py:107 operation functools.partial(<built-in method close of sqlite3.Cursor object at 0x7f80f91ff8c0>) completed
DEBUG    aiosqlite:core.py:105 executing functools.partial(<built-in method cursor of sqlite3.Connection object at 0x7f80f92249a0>)
DEBUG    aiosqlite:core.py:107 operation functools.partial(<built-in method cursor of sqlite3.Connection object at 0x7f80f92249a0>) completed
DEBUG    aiosqlite:core.py:105 executing functools.partial(<built-in method execute of sqlite3.Cursor object at 0x7f80f91fecc0>, 'PRAGMA main.table_info("task")', ())
DEBUG    aiosqlite:core.py:107 operation functools.partial(<built-in method execute of sqlite3.Cursor object at 0x7f80f91fecc0>, 'PRAGMA main.table_info("task")', ()) completed
DEBUG    aiosqlite:core.py:105 executing functools.partial(<built-in method fetchall of sqlite3.Cursor object at 0x7f80f91fecc0>)
DEBUG    aiosqlite:core.py:107 operation functools.partial(<built-in method fetchall of sqlite3.Cursor object at 0x7f80f91fecc0>) completed
DEBUG    aiosqlite:core.py:105 executing functools.partial(<built-in method close of sqlite3.Cursor object at 0x7f80f91fecc0>)
DEBUG    aiosqlite:core.py:107 operation functools.partial(<built-in method close of sqlite3.Cursor object at 0x7f80f91fecc0>) completed
DEBUG    aiosqlite:core.py:105 executing functools.partial(<built-in method cursor of sqlite3.Connection object at 0x7f80f92249a0>)
DEBUG    aiosqlite:core.py:107 operation functools.partial(<built-in method cursor of sqlite3.Connection object at 0x7f80f92249a0>) completed
DEBUG    aiosqlite:core.py:105 executing functools.partial(<built-in method execute of sqlite3.Cursor object at 0x7f80f91fc4c0>, 'PRAGMA temp.table_info("task")', ())
DEBUG    aiosqlite:core.py:107 operation functools.partial(<built-in method execute of sqlite3.Cursor object at 0x7f80f91fc4c0>, 'PRAGMA temp.table_info("task")', ()) completed
DEBUG    aiosqlite:core.py:105 executing functools.partial(<built-in method fetchall of sqlite3.Cursor object at 0x7f80f91fc4c0>)
DEBUG    aiosqlite:core.py:107 operation functools.partial(<built-in method fetchall of sqlite3.Cursor object at 0x7f80f91fc4c0>) completed
DEBUG    aiosqlite:core.py:105 executing functools.partial(<built-in method close of sqlite3.Cursor object at 0x7f80f91fc4c0>)
DEBUG    aiosqlite:core.py:107 operation functools.partial(<built-in method close of sqlite3.Cursor object at 0x7f80f91fc4c0>) completed
DEBUG    aiosqlite:core.py:105 executing functools.partial(<built-in method cursor of sqlite3.Connection object at 0x7f80f92249a0>)
DEBUG    aiosqlite:core.py:107 operation functools.partial(<built-in method cursor of sqlite3.Connection object at 0x7f80f92249a0>) completed
DEBUG    aiosqlite:core.py:105 executing functools.partial(<built-in method execute of sqlite3.Cursor object at 0x7f80f91ff2c0>, '\nCREATE TABLE task_list (\n\tid INTEGER NOT NULL, \n\tname VARCHAR NOT NULL, \n\tguild_id INTEGER NOT NULL, \n\tmsg_id INTEGER NOT NULL, \n\tPRIMARY KEY (id), \n\tUNIQUE (name, guild_id)\n)\n\n', ())
DEBUG    aiosqlite:core.py:107 operation functools.partial(<built-in method execute of sqlite3.Cursor object at 0x7f80f91ff2c0>, '\nCREATE TABLE task_list (\n\tid INTEGER NOT NULL, \n\tname VARCHAR NOT NULL, \n\tguild_id INTEGER NOT NULL, \n\tmsg_id INTEGER NOT NULL, \n\tPRIMARY KEY (id), \n\tUNIQUE (name, guild_id)\n)\n\n', ()) completed
DEBUG    aiosqlite:core.py:105 executing functools.partial(<built-in method close of sqlite3.Cursor object at 0x7f80f91ff2c0>)
DEBUG    aiosqlite:core.py:107 operation functools.partial(<built-in method close of sqlite3.Cursor object at 0x7f80f91ff2c0>) completed
DEBUG    aiosqlite:core.py:105 executing functools.partial(<built-in method cursor of sqlite3.Connection object at 0x7f80f92249a0>)
DEBUG    aiosqlite:core.py:107 operation functools.partial(<built-in method cursor of sqlite3.Connection object at 0x7f80f92249a0>) completed
DEBUG    aiosqlite:core.py:105 executing functools.partial(<built-in method execute of sqlite3.Cursor object at 0x7f80f9cd29c0>, '\nCREATE TABLE task (\n\tid INTEGER NOT NULL, \n\tcontent VARCHAR NOT NULL, \n\tparent_list_id INTEGER, \n\tlocal_id INTEGER, \n\tchecked BOOLEAN NOT NULL, \n\tPRIMARY KEY (id), \n\tFOREIGN KEY(parent_list_id) REFERENCES task_list (id)\n)\n\n', ())
DEBUG    aiosqlite:core.py:107 operation functools.partial(<built-in method execute of sqlite3.Cursor object at 0x7f80f9cd29c0>, '\nCREATE TABLE task (\n\tid INTEGER NOT NULL, \n\tcontent VARCHAR NOT NULL, \n\tparent_list_id INTEGER, \n\tlocal_id INTEGER, \n\tchecked BOOLEAN NOT NULL, \n\tPRIMARY KEY (id), \n\tFOREIGN KEY(parent_list_id) REFERENCES task_list (id)\n)\n\n', ()) completed
DEBUG    aiosqlite:core.py:105 executing functools.partial(<built-in method close of sqlite3.Cursor object at 0x7f80f9cd29c0>)
DEBUG    aiosqlite:core.py:107 operation functools.partial(<built-in method close of sqlite3.Cursor object at 0x7f80f9cd29c0>) completed
DEBUG    aiosqlite:core.py:105 executing functools.partial(<built-in method commit of sqlite3.Connection object at 0x7f80f92249a0>)
DEBUG    aiosqlite:core.py:107 operation functools.partial(<built-in method commit of sqlite3.Connection object at 0x7f80f92249a0>) completed
DEBUG    aiosqlite:core.py:105 executing functools.partial(<built-in method rollback of sqlite3.Connection object at 0x7f80f92249a0>)
DEBUG    aiosqlite:core.py:107 operation functools.partial(<built-in method rollback of sqlite3.Connection object at 0x7f80f92249a0>) completed
DEBUG    lisette.core.models:models.py:25 new TaskList(id=None, name='list 1', guild_id=0, tasks=[], msg_id=0)
DEBUG    lisette.core.models:models.py:25 new Task(id=None, content='do something', parent_list=..., parent_list_id=None, local_id=None, checked=False)
DEBUG    lisette.core.models:logging.py:53 executing <function TaskList.insert at 0x7f80f9e3a660>, args=(TaskList(id=None, name='list 1', guild_id=0, tasks=[], msg_id=0), Task(id=None, content='do something', parent_list=..., parent_list_id=None, local_id=None, checked=False)), kwargs={}
DEBUG    lisette.core.models:models.py:92 inserted Task(id=None, content='do something', parent_list=..., parent_list_id=None, local_id=0, checked=False) into TaskList(id=None, name='list 1', guild_id=0, tasks=[Task(id=None, content='do something', parent_list=..., parent_list_id=None, local_id=0, checked=False)], msg_id=0)
DEBUG    lisette.core.models:logging.py:55 operation <function TaskList.insert at 0x7f80f9e3a660>, args=(TaskList(id=None, name='list 1', guild_id=0, tasks=[], msg_id=0), Task(id=None, content='do something', parent_list=..., parent_list_id=None, local_id=None, checked=False)), kwargs={} completed, returning None
DEBUG    lisette.core.models:models.py:25 new Task(id=None, content='do something else', parent_list=..., parent_list_id=None, local_id=None, checked=False)
DEBUG    lisette.core.models:logging.py:53 executing <function TaskList.insert at 0x7f80f9e3a660>, args=(TaskList(id=None, name='list 1', guild_id=0, tasks=[Task(id=None, content='do something', parent_list=..., parent_list_id=None, local_id=0, checked=False)], msg_id=0), Task(id=None, content='do something else', parent_list=..., parent_list_id=None, local_id=None, checked=False)), kwargs={}
DEBUG    lisette.core.models:models.py:92 inserted Task(id=None, content='do something else', parent_list=..., parent_list_id=None, local_id=1, checked=False) into TaskList(id=None, name='list 1', guild_id=0, tasks=[Task(id=None, content='do something', parent_list=..., parent_list_id=None, local_id=0, checked=False), Task(id=None, content='do something else', parent_list=..., parent_list_id=None, local_id=1, checked=False)], msg_id=0)
DEBUG    lisette.core.models:logging.py:55 operation <function TaskList.insert at 0x7f80f9e3a660>, args=(TaskList(id=None, name='list 1', guild_id=0, tasks=[Task(id=None, content='do something', parent_list=..., parent_list_id=None, local_id=0, checked=False)], msg_id=0), Task(id=None, content='do something else', parent_list=..., parent_list_id=None, local_id=None, checked=False)), kwargs={} completed, returning None
DEBUG    lisette.core.models:models.py:25 new Task(id=None, content='do a third thing', parent_list=..., parent_list_id=None, local_id=None, checked=False)
DEBUG    lisette.core.models:logging.py:53 executing <function TaskList.insert at 0x7f80f9e3a660>, args=(TaskList(id=None, name='list 1', guild_id=0, tasks=[Task(id=None, content='do something', parent_list=..., parent_list_id=None, local_id=0, checked=False), Task(id=None, content='do something else', parent_list=..., parent_list_id=None, local_id=1, checked=False)], msg_id=0), Task(id=None, content='do a third thing', parent_list=..., parent_list_id=None, local_id=None, checked=False)), kwargs={}
DEBUG    lisette.core.models:models.py:92 inserted Task(id=None, content='do a third thing', parent_list=..., parent_list_id=None, local_id=2, checked=False) into TaskList(id=None, name='list 1', guild_id=0, tasks=[Task(id=None, content='do something', parent_list=..., parent_list_id=None, local_id=0, checked=False), Task(id=None, content='do something else', parent_list=..., parent_list_id=None, local_id=1, checked=False), Task(id=None, content='do a third thing', parent_list=..., parent_list_id=None, local_id=2, checked=False)], msg_id=0)
DEBUG    lisette.core.models:logging.py:55 operation <function TaskList.insert at 0x7f80f9e3a660>, args=(TaskList(id=None, name='list 1', guild_id=0, tasks=[Task(id=None, content='do something', parent_list=..., parent_list_id=None, local_id=0, checked=False), Task(id=None, content='do something else', parent_list=..., parent_list_id=None, local_id=1, checked=False)], msg_id=0), Task(id=None, content='do a third thing', parent_list=..., parent_list_id=None, local_id=None, checked=False)), kwargs={} completed, returning None
-------------------------------- live log call ---------------------------------
DEBUG    aiosqlite:core.py:105 executing functools.partial(<built-in method cursor of sqlite3.Connection object at 0x7f80f92249a0>)
DEBUG    aiosqlite:core.py:107 operation functools.partial(<built-in method cursor of sqlite3.Connection object at 0x7f80f92249a0>) completed
DEBUG    aiosqlite:core.py:105 executing functools.partial(<built-in method execute of sqlite3.Cursor object at 0x7f80f9260340>, 'INSERT INTO task_list (name, guild_id, msg_id) VALUES (?, ?, ?)', ('list 1', 0, 0))
DEBUG    aiosqlite:core.py:107 operation functools.partial(<built-in method execute of sqlite3.Cursor object at 0x7f80f9260340>, 'INSERT INTO task_list (name, guild_id, msg_id) VALUES (?, ?, ?)', ('list 1', 0, 0)) completed
DEBUG    aiosqlite:core.py:105 executing functools.partial(<built-in method close of sqlite3.Cursor object at 0x7f80f9260340>)
DEBUG    aiosqlite:core.py:107 operation functools.partial(<built-in method close of sqlite3.Cursor object at 0x7f80f9260340>) completed
DEBUG    aiosqlite:core.py:105 executing functools.partial(<built-in method cursor of sqlite3.Connection object at 0x7f80f92249a0>)
DEBUG    aiosqlite:core.py:107 operation functools.partial(<built-in method cursor of sqlite3.Connection object at 0x7f80f92249a0>) completed
DEBUG    aiosqlite:core.py:105 executing functools.partial(<built-in method execute of sqlite3.Cursor object at 0x7f80f9260f40>, 'INSERT INTO task (content, parent_list_id, local_id, checked) VALUES (?, ?, ?, ?) RETURNING id', ('do something', 1, 0, 0))
DEBUG    aiosqlite:core.py:107 operation functools.partial(<built-in method execute of sqlite3.Cursor object at 0x7f80f9260f40>, 'INSERT INTO task (content, parent_list_id, local_id, checked) VALUES (?, ?, ?, ?) RETURNING id', ('do something', 1, 0, 0)) completed
DEBUG    aiosqlite:core.py:105 executing functools.partial(<built-in method fetchall of sqlite3.Cursor object at 0x7f80f9260f40>)
DEBUG    aiosqlite:core.py:107 operation functools.partial(<built-in method fetchall of sqlite3.Cursor object at 0x7f80f9260f40>) completed
DEBUG    aiosqlite:core.py:105 executing functools.partial(<built-in method close of sqlite3.Cursor object at 0x7f80f9260f40>)
DEBUG    aiosqlite:core.py:107 operation functools.partial(<built-in method close of sqlite3.Cursor object at 0x7f80f9260f40>) completed
DEBUG    aiosqlite:core.py:105 executing functools.partial(<built-in method cursor of sqlite3.Connection object at 0x7f80f92249a0>)
DEBUG    aiosqlite:core.py:107 operation functools.partial(<built-in method cursor of sqlite3.Connection object at 0x7f80f92249a0>) completed
DEBUG    aiosqlite:core.py:105 executing functools.partial(<built-in method execute of sqlite3.Cursor object at 0x7f80f9cd12c0>, 'INSERT INTO task (content, parent_list_id, local_id, checked) VALUES (?, ?, ?, ?) RETURNING id', ('do something else', 1, 1, 0))
DEBUG    aiosqlite:core.py:107 operation functools.partial(<built-in method execute of sqlite3.Cursor object at 0x7f80f9cd12c0>, 'INSERT INTO task (content, parent_list_id, local_id, checked) VALUES (?, ?, ?, ?) RETURNING id', ('do something else', 1, 1, 0)) completed
DEBUG    aiosqlite:core.py:105 executing functools.partial(<built-in method fetchall of sqlite3.Cursor object at 0x7f80f9cd12c0>)
DEBUG    aiosqlite:core.py:107 operation functools.partial(<built-in method fetchall of sqlite3.Cursor object at 0x7f80f9cd12c0>) completed
DEBUG    aiosqlite:core.py:105 executing functools.partial(<built-in method close of sqlite3.Cursor object at 0x7f80f9cd12c0>)
DEBUG    aiosqlite:core.py:107 operation functools.partial(<built-in method close of sqlite3.Cursor object at 0x7f80f9cd12c0>) completed
DEBUG    aiosqlite:core.py:105 executing functools.partial(<built-in method cursor of sqlite3.Connection object at 0x7f80f92249a0>)
DEBUG    aiosqlite:core.py:107 operation functools.partial(<built-in method cursor of sqlite3.Connection object at 0x7f80f92249a0>) completed
DEBUG    aiosqlite:core.py:105 executing functools.partial(<built-in method execute of sqlite3.Cursor object at 0x7f80f92613c0>, 'INSERT INTO task (content, parent_list_id, local_id, checked) VALUES (?, ?, ?, ?) RETURNING id', ('do a third thing', 1, 2, 0))
DEBUG    aiosqlite:core.py:107 operation functools.partial(<built-in method execute of sqlite3.Cursor object at 0x7f80f92613c0>, 'INSERT INTO task (content, parent_list_id, local_id, checked) VALUES (?, ?, ?, ?) RETURNING id', ('do a third thing', 1, 2, 0)) completed
DEBUG    aiosqlite:core.py:105 executing functools.partial(<built-in method fetchall of sqlite3.Cursor object at 0x7f80f92613c0>)
DEBUG    aiosqlite:core.py:107 operation functools.partial(<built-in method fetchall of sqlite3.Cursor object at 0x7f80f92613c0>) completed
DEBUG    aiosqlite:core.py:105 executing functools.partial(<built-in method close of sqlite3.Cursor object at 0x7f80f92613c0>)
DEBUG    aiosqlite:core.py:107 operation functools.partial(<built-in method close of sqlite3.Cursor object at 0x7f80f92613c0>) completed
DEBUG    aiosqlite:core.py:105 executing functools.partial(<built-in method commit of sqlite3.Connection object at 0x7f80f92249a0>)
DEBUG    aiosqlite:core.py:107 operation functools.partial(<built-in method commit of sqlite3.Connection object at 0x7f80f92249a0>) completed
DEBUG    aiosqlite:core.py:105 executing functools.partial(<built-in method rollback of sqlite3.Connection object at 0x7f80f92249a0>)
DEBUG    aiosqlite:core.py:107 operation functools.partial(<built-in method rollback of sqlite3.Connection object at 0x7f80f92249a0>) completed
DEBUG    aiosqlite:core.py:105 executing functools.partial(<built-in method cursor of sqlite3.Connection object at 0x7f80f92249a0>)
DEBUG    aiosqlite:core.py:107 operation functools.partial(<built-in method cursor of sqlite3.Connection object at 0x7f80f92249a0>) completed
DEBUG    aiosqlite:core.py:105 executing functools.partial(<built-in method execute of sqlite3.Cursor object at 0x7f80f91fe340>, 'SELECT task_list.id, task_list.name, task_list.guild_id, task_list.msg_id \nFROM task_list \nWHERE task_list.guild_id = ? AND task_list.name = ?', (0, 'list 1'))
DEBUG    aiosqlite:core.py:107 operation functools.partial(<built-in method execute of sqlite3.Cursor object at 0x7f80f91fe340>, 'SELECT task_list.id, task_list.name, task_list.guild_id, task_list.msg_id \nFROM task_list \nWHERE task_list.guild_id = ? AND task_list.name = ?', (0, 'list 1')) completed
DEBUG    aiosqlite:core.py:105 executing functools.partial(<built-in method fetchall of sqlite3.Cursor object at 0x7f80f91fe340>)
DEBUG    aiosqlite:core.py:107 operation functools.partial(<built-in method fetchall of sqlite3.Cursor object at 0x7f80f91fe340>) completed
DEBUG    aiosqlite:core.py:105 executing functools.partial(<built-in method close of sqlite3.Cursor object at 0x7f80f91fe340>)
DEBUG    aiosqlite:core.py:107 operation functools.partial(<built-in method close of sqlite3.Cursor object at 0x7f80f91fe340>) completed
DEBUG    aiosqlite:core.py:105 executing functools.partial(<built-in method cursor of sqlite3.Connection object at 0x7f80f92249a0>)
DEBUG    aiosqlite:core.py:107 operation functools.partial(<built-in method cursor of sqlite3.Connection object at 0x7f80f92249a0>) completed
DEBUG    aiosqlite:core.py:105 executing functools.partial(<built-in method execute of sqlite3.Cursor object at 0x7f80f9261440>, 'SELECT task.parent_list_id AS task_parent_list_id, task.id AS task_id, task.content AS task_content, task.local_id AS task_local_id, task.checked AS task_checked \nFROM task \nWHERE task.parent_list_id IN (?)', (1,))
DEBUG    aiosqlite:core.py:107 operation functools.partial(<built-in method execute of sqlite3.Cursor object at 0x7f80f9261440>, 'SELECT task.parent_list_id AS task_parent_list_id, task.id AS task_id, task.content AS task_content, task.local_id AS task_local_id, task.checked AS task_checked \nFROM task \nWHERE task.parent_list_id IN (?)', (1,)) completed
DEBUG    aiosqlite:core.py:105 executing functools.partial(<built-in method fetchall of sqlite3.Cursor object at 0x7f80f9261440>)
DEBUG    aiosqlite:core.py:107 operation functools.partial(<built-in method fetchall of sqlite3.Cursor object at 0x7f80f9261440>) completed
DEBUG    aiosqlite:core.py:105 executing functools.partial(<built-in method close of sqlite3.Cursor object at 0x7f80f9261440>)
DEBUG    aiosqlite:core.py:107 operation functools.partial(<built-in method close of sqlite3.Cursor object at 0x7f80f9261440>) completed
DEBUG    aiosqlite:core.py:105 executing functools.partial(<built-in method cursor of sqlite3.Connection object at 0x7f80f92249a0>)
DEBUG    aiosqlite:core.py:107 operation functools.partial(<built-in method cursor of sqlite3.Connection object at 0x7f80f92249a0>) completed
DEBUG    aiosqlite:core.py:105 executing functools.partial(<built-in method executemany of sqlite3.Cursor object at 0x7f80f9262540>, 'DELETE FROM task WHERE task.id = ?', [(1,), (2,), (3,)])
DEBUG    aiosqlite:core.py:107 operation functools.partial(<built-in method executemany of sqlite3.Cursor object at 0x7f80f9262540>, 'DELETE FROM task WHERE task.id = ?', [(1,), (2,), (3,)]) completed
DEBUG    aiosqlite:core.py:105 executing functools.partial(<built-in method close of sqlite3.Cursor object at 0x7f80f9262540>)
DEBUG    aiosqlite:core.py:107 operation functools.partial(<built-in method close of sqlite3.Cursor object at 0x7f80f9262540>) completed
DEBUG    aiosqlite:core.py:105 executing functools.partial(<built-in method cursor of sqlite3.Connection object at 0x7f80f92249a0>)
DEBUG    aiosqlite:core.py:107 operation functools.partial(<built-in method cursor of sqlite3.Connection object at 0x7f80f92249a0>) completed
DEBUG    aiosqlite:core.py:105 executing functools.partial(<built-in method execute of sqlite3.Cursor object at 0x7f80f92626c0>, 'DELETE FROM task_list WHERE task_list.id = ?', (1,))
DEBUG    aiosqlite:core.py:107 operation functools.partial(<built-in method execute of sqlite3.Cursor object at 0x7f80f92626c0>, 'DELETE FROM task_list WHERE task_list.id = ?', (1,)) completed
DEBUG    aiosqlite:core.py:105 executing functools.partial(<built-in method close of sqlite3.Cursor object at 0x7f80f92626c0>)
DEBUG    aiosqlite:core.py:107 operation functools.partial(<built-in method close of sqlite3.Cursor object at 0x7f80f92626c0>) completed
DEBUG    aiosqlite:core.py:105 executing functools.partial(<built-in method commit of sqlite3.Connection object at 0x7f80f92249a0>)
DEBUG    aiosqlite:core.py:107 operation functools.partial(<built-in method commit of sqlite3.Connection object at 0x7f80f92249a0>) completed
DEBUG    aiosqlite:core.py:105 executing functools.partial(<built-in method rollback of sqlite3.Connection object at 0x7f80f92249a0>)
DEBUG    aiosqlite:core.py:107 operation functools.partial(<built-in method rollback of sqlite3.Connection object at 0x7f80f92249a0>) completed
DEBUG    aiosqlite:core.py:105 executing functools.partial(<built-in method cursor of sqlite3.Connection object at 0x7f80f92249a0>)
DEBUG    aiosqlite:core.py:107 operation functools.partial(<built-in method cursor of sqlite3.Connection object at 0x7f80f92249a0>) completed
DEBUG    aiosqlite:core.py:105 executing functools.partial(<built-in method execute of sqlite3.Cursor object at 0x7f80f9260b40>, 'SELECT task_list.id, task_list.name, task_list.guild_id, task_list.msg_id \nFROM task_list \nWHERE task_list.guild_id = ? AND task_list.name = ?', (0, 'list 1'))
DEBUG    aiosqlite:core.py:107 operation functools.partial(<built-in method execute of sqlite3.Cursor object at 0x7f80f9260b40>, 'SELECT task_list.id, task_list.name, task_list.guild_id, task_list.msg_id \nFROM task_list \nWHERE task_list.guild_id = ? AND task_list.name = ?', (0, 'list 1')) completed
DEBUG    aiosqlite:core.py:105 executing functools.partial(<built-in method fetchall of sqlite3.Cursor object at 0x7f80f9260b40>)
DEBUG    aiosqlite:core.py:107 operation functools.partial(<built-in method fetchall of sqlite3.Cursor object at 0x7f80f9260b40>) completed
DEBUG    aiosqlite:core.py:105 executing functools.partial(<built-in method close of sqlite3.Cursor object at 0x7f80f9260b40>)
DEBUG    aiosqlite:core.py:107 operation functools.partial(<built-in method close of sqlite3.Cursor object at 0x7f80f9260b40>) completed
PASSED                                                                   [ 93%]
------------------------------ live log teardown -------------------------------
DEBUG    aiosqlite:core.py:105 executing functools.partial(<built-in method rollback of sqlite3.Connection object at 0x7f80f92249a0>)
DEBUG    aiosqlite:core.py:107 operation functools.partial(<built-in method rollback of sqlite3.Connection object at 0x7f80f92249a0>) completed
DEBUG    aiosqlite:core.py:105 executing functools.partial(<built-in method rollback of sqlite3.Connection object at 0x7f80f92249a0>)
DEBUG    aiosqlite:core.py:107 operation functools.partial(<built-in method rollback of sqlite3.Connection object at 0x7f80f92249a0>) completed
DEBUG    asyncio:selector_events.py:54 Using selector: EpollSelector

tests/test_util.py::test_split_len PASSED                                [100%]

============================== 15 passed in 0.58s ==============================
